Archive member included because of file (symbol)

contiki-trxeb1120.a(netsynch.o)
                              obj_trxeb1120/contiki-exp5438-main.o (netsynch_init)
contiki-trxeb1120.a(netsync-auto-ca)
                              contiki-trxeb1120.a(netsynch.o) (netsync_autocal_init)
contiki-trxeb1120.a(task-schedule.o)
                              obj_trxeb1120/contiki-exp5438-main.o (task_schedule_init)
contiki-trxeb1120.a(correct_time.o)
                              obj_trxeb1120/contiki-exp5438-main.o (correct_time_init)
contiki-trxeb1120.a(node_function.o)
                              border-router.co (setting_network_configuration2)
contiki-trxeb1120.a(wake-dev.o)
                              border-router.co (wake_dev_send)
contiki-trxeb1120.a(wake-node.o)
                              contiki-trxeb1120.a(wake-dev.o) (wake_send)
contiki-trxeb1120.a(wake-common.o)
                              contiki-trxeb1120.a(wake-dev.o) (cache_wake_info)
contiki-trxeb1120.a(low-latency.o)
                              border-router.co (get_lowLatency_flag)
contiki-trxeb1120.a(low-latency-msg)
                              contiki-trxeb1120.a(low-latency.o) (low_latency_msg_send)
contiki-trxeb1120.a(auto-sleep.o)
                              contiki-trxeb1120.a(task-schedule.o) (set_delay_auto_sleep)
contiki-trxeb1120.a(msp430.o)
                              border-router.co (w_memcpy)
contiki-trxeb1120.a(leds.o)   obj_trxeb1120/contiki-exp5438-main.o (leds_init)
contiki-trxeb1120.a(watchdog.o)
                              obj_trxeb1120/contiki-exp5438-main.o (watchdog_start)
contiki-trxeb1120.a(adc.o)    contiki-trxeb1120.a(node_function.o) (get_voltage)
contiki-trxeb1120.a(cc1120.o)
                              obj_trxeb1120/contiki-exp5438-main.o (cc1120_channel_set)
contiki-trxeb1120.a(cc1120-msp-arch)
                              contiki-trxeb1120.a(cc1120.o) (cc1120_arch_spi_enable)
contiki-trxeb1120.a(rtimer-arch.o)
                              obj_trxeb1120/contiki-exp5438-main.o (rtimer_arch_now)
contiki-trxeb1120.a(node-id.o)
                              obj_trxeb1120/contiki-exp5438-main.o (node_id_restore)
contiki-trxeb1120.a(leds-arch.o)
                              contiki-trxeb1120.a(leds.o) (leds_arch_init)
contiki-trxeb1120.a(hal-pmm.o)
                              contiki-trxeb1120.a(msp430.o) (SetVCore)
contiki-trxeb1120.a(uart0x.o)
                              obj_trxeb1120/contiki-exp5438-main.o (uart0_active)
contiki-trxeb1120.a(slip_uart0.o)
                              obj_trxeb1120/slip-bridge.o (slip_arch_writeb)
contiki-trxeb1120.a(slip.o)   obj_trxeb1120/slip-bridge.o (slip_process)
contiki-trxeb1120.a(flash.o)  contiki-trxeb1120.a(node-id.o) (flash_setup)
contiki-trxeb1120.a(clock.o)  obj_trxeb1120/contiki-exp5438-main.o (clock_init)
contiki-trxeb1120.a(autostart.o)
                              obj_trxeb1120/contiki-exp5438-main.o (autostart_start)
contiki-trxeb1120.a(energest.o)
                              obj_trxeb1120/contiki-exp5438-main.o (energest_init)
contiki-trxeb1120.a(ctimer.o)
                              obj_trxeb1120/contiki-exp5438-main.o (ctimer_init)
contiki-trxeb1120.a(etimer.o)
                              contiki-trxeb1120.a(clock.o) (etimer_request_poll)
contiki-trxeb1120.a(process.o)
                              border-router.co (process_current)
contiki-trxeb1120.a(rtimer.o)
                              obj_trxeb1120/contiki-exp5438-main.o (rtimer_init)
contiki-trxeb1120.a(timer.o)  contiki-trxeb1120.a(cc1120.o) (timer_set)
contiki-trxeb1120.a(list.o)   contiki-trxeb1120.a(task-schedule.o) (list_init)
contiki-trxeb1120.a(random.o)
                              obj_trxeb1120/contiki-exp5438-main.o (random_init)
contiki-trxeb1120.a(uip-ds6.o)
                              obj_trxeb1120/contiki-exp5438-main.o (uip_ds6_get_link_local)
contiki-trxeb1120.a(uip-ds6-route.o)
                              contiki-trxeb1120.a(uip-ds6.o) (uip_ds6_route_init)
contiki-trxeb1120.a(uip6.o)   border-router.co (uip_aligned_buf)
contiki-trxeb1120.a(uip-ds6-nbr.o)
                              contiki-trxeb1120.a(uip-ds6.o) (uip_ds6_neighbors_init)
contiki-trxeb1120.a(uip-nd6.o)
                              contiki-trxeb1120.a(uip6.o) (uip_nd6_init)
contiki-trxeb1120.a(uip-udp-packet.)
                              border-router.co (uip_udp_packet_send)
contiki-trxeb1120.a(tcpip.o)  border-router.co (udp_new)
contiki-trxeb1120.a(rpl.o)    contiki-trxeb1120.a(uip-ds6-nbr.o) (rpl_link_neighbor_callback)
contiki-trxeb1120.a(rpl-mrhof.o)
                              contiki-trxeb1120.a(rpl.o) (rpl_mrhof)
contiki-trxeb1120.a(rpl-dag.o)
                              contiki-trxeb1120.a(rpl-mrhof.o) (rpl_get_nbr)
contiki-trxeb1120.a(orpl-bitmap.o)
                              contiki-trxeb1120.a(tcpip.o) (orpl_bitmap_current_rank)
contiki-trxeb1120.a(rnfd-root.o)
                              contiki-trxeb1120.a(rpl-dag.o) (rnfd_request_info)
[...]
Memory Configuration

Name             Origin             Length             Attributes
sfr              0x00000000         0x00000010
peripheral_8bit  0x00000010         0x000000f0
peripheral_16bit 0x00000100         0x00000100
bsl              0x00001000         0x00000800
infomem          0x00001800         0x00000200
infod            0x00001800         0x00000080
infoc            0x00001880         0x00000080
infob            0x00001900         0x00000080
infoa            0x00001980         0x00000080
ram              0x00001c00         0x00004000         xw
rom              0x00005c00         0x0000a380         xr
vectors          0x0000ff80         0x00000080
far_rom          0x00010000         0x00015c00
ram2             0x00000000         0x00000000         xw
ram_mirror       0x00000000         0x00000000         xw
usbram           0x00000000         0x00000000         xw
*default*        0x00000000         0xffffffff

Linker script and memory map

LOAD /opt/mspgccx/bin/../lib/gcc/msp430/4.7.0/mcpu-430x/mmpy-16/msr20/mc20/crt0ivtbl64.o
LOAD border-router.co
LOAD obj_trxeb1120/slip-bridge.o
LOAD obj_trxeb1120/contiki-exp5438-main.o
LOAD contiki-trxeb1120.a
LOAD /opt/mspgccx/bin/../lib/gcc/msp430/4.7.0/mcpu-430x/mmpy-16/msr20/mc20/libgcc.a
LOAD /opt/mspgccx/bin/../lib/gcc/msp430/4.7.0/../../../../msp430/lib/mcpu-430x/mmpy-16/msr20/mc20/libc.a
LOAD /opt/mspgccx/bin/../lib/gcc/msp430/4.7.0/mcpu-430x/mmpy-16/msr20/mc20/libgcc.a
LOAD /opt/mspgccx/bin/../lib/gcc/msp430/4.7.0/mcpu-430x/mmpy-16/msr20/mc20/libcrt0.a
                0x00000080                PROVIDE (__info_segment_size, 0x80)
                0x00001800                PROVIDE (__infod, 0x1800)
                0x00001880                PROVIDE (__infoc, 0x1880)
                0x00001900                PROVIDE (__infob, 0x1900)
                0x00001980                PROVIDE (__infoa, 0x1980)
                0x00000700                __ADC12CTL0_L = 0x700
                0x00000701                __ADC12CTL0_H = 0x701
                0x00000700                __ADC12CTL0 = 0x700
                0x00000702                __ADC12CTL1_L = 0x702
                0x00000703                __ADC12CTL1_H = 0x703
                0x00000702                __ADC12CTL1 = 0x702
                0x00000704                __ADC12CTL2_L = 0x704
                0x00000705                __ADC12CTL2_H = 0x705
                0x00000704                __ADC12CTL2 = 0x704
                0x0000070a                __ADC12IFG_L = 0x70a
                0x0000070b                __ADC12IFG_H = 0x70b
                0x0000070a                __ADC12IFG = 0x70a
                0x0000070c                __ADC12IE_L = 0x70c
                0x0000070d                __ADC12IE_H = 0x70d
                0x0000070c                __ADC12IE = 0x70c
                0x0000070e                __ADC12IV_L = 0x70e
                0x0000070f                __ADC12IV_H = 0x70f
                0x0000070e                __ADC12IV = 0x70e
                0x00000720                __ADC12MEM0_L = 0x720
                0x00000721                __ADC12MEM0_H = 0x721
                0x00000720                __ADC12MEM0 = 0x720
                0x00000722                __ADC12MEM1_L = 0x722
                0x00000723                __ADC12MEM1_H = 0x723
                0x00000722                __ADC12MEM1 = 0x722
                0x00000724                __ADC12MEM2_L = 0x724
                0x00000725                __ADC12MEM2_H = 0x725
                0x00000724                __ADC12MEM2 = 0x724
                0x00000726                __ADC12MEM3_L = 0x726
                0x00000727                __ADC12MEM3_H = 0x727
                0x00000726                __ADC12MEM3 = 0x726
                0x00000728                __ADC12MEM4_L = 0x728
                0x00000729                __ADC12MEM4_H = 0x729
                0x00000728                __ADC12MEM4 = 0x728
                0x0000072a                __ADC12MEM5_L = 0x72a
                0x0000072b                __ADC12MEM5_H = 0x72b
                0x0000072a                __ADC12MEM5 = 0x72a
                0x0000072c                __ADC12MEM6_L = 0x72c
                0x0000072d                __ADC12MEM6_H = 0x72d
                0x0000072c                __ADC12MEM6 = 0x72c
                0x0000072e                __ADC12MEM7_L = 0x72e
                0x0000072f                __ADC12MEM7_H = 0x72f
                0x0000072e                __ADC12MEM7 = 0x72e
                0x00000730                __ADC12MEM8_L = 0x730
                0x00000731                __ADC12MEM8_H = 0x731
                0x00000730                __ADC12MEM8 = 0x730
                0x00000732                __ADC12MEM9_L = 0x732
                0x00000733                __ADC12MEM9_H = 0x733
                0x00000732                __ADC12MEM9 = 0x732
                0x00000734                __ADC12MEM10_L = 0x734
                0x00000735                __ADC12MEM10_H = 0x735
                0x00000734                __ADC12MEM10 = 0x734
                0x00000736                __ADC12MEM11_L = 0x736
                0x00000737                __ADC12MEM11_H = 0x737
                0x00000736                __ADC12MEM11 = 0x736
                0x00000738                __ADC12MEM12_L = 0x738
                0x00000739                __ADC12MEM12_H = 0x739
                0x00000738                __ADC12MEM12 = 0x738
                0x0000073a                __ADC12MEM13_L = 0x73a
                0x0000073b                __ADC12MEM13_H = 0x73b
                0x0000073a                __ADC12MEM13 = 0x73a
                0x0000073c                __ADC12MEM14_L = 0x73c
                0x0000073d                __ADC12MEM14_H = 0x73d
                0x0000073c                __ADC12MEM14 = 0x73c
                0x0000073e                __ADC12MEM15_L = 0x73e
                0x0000073f                __ADC12MEM15_H = 0x73f
                0x0000073e                __ADC12MEM15 = 0x73e
                0x00000710                __ADC12MCTL0 = 0x710
                0x00000711                __ADC12MCTL1 = 0x711
                0x00000712                __ADC12MCTL2 = 0x712
                0x00000713                __ADC12MCTL3 = 0x713
                0x00000714                __ADC12MCTL4 = 0x714
                0x00000715                __ADC12MCTL5 = 0x715
                0x00000716                __ADC12MCTL6 = 0x716
                0x00000717                __ADC12MCTL7 = 0x717
                0x00000718                __ADC12MCTL8 = 0x718
                0x00000719                __ADC12MCTL9 = 0x719
                0x0000071a                __ADC12MCTL10 = 0x71a
                0x0000071b                __ADC12MCTL11 = 0x71b
                0x0000071c                __ADC12MCTL12 = 0x71c
                0x0000071d                __ADC12MCTL13 = 0x71d
                0x0000071e                __ADC12MCTL14 = 0x71e
                0x0000071f                __ADC12MCTL15 = 0x71f
                0x00000150                __CRCDI_L = 0x150
                0x00000151                __CRCDI_H = 0x151
                0x00000150                __CRCDI = 0x150
                0x00000152                __CRCDIRB_L = 0x152
                0x00000153                __CRCDIRB_H = 0x153
                0x00000152                __CRCDIRB = 0x152
                0x00000154                __CRCINIRES_L = 0x154
                0x00000155                __CRCINIRES_H = 0x155
                0x00000154                __CRCINIRES = 0x154
                0x00000156                __CRCRESR_L = 0x156
                0x00000157                __CRCRESR_H = 0x157
                0x00000156                __CRCRESR = 0x156
                0x00000500                __DMACTL0_L = 0x500
                0x00000501                __DMACTL0_H = 0x501
                0x00000500                __DMACTL0 = 0x500
                0x00000502                __DMACTL1_L = 0x502
                0x00000503                __DMACTL1_H = 0x503
                0x00000502                __DMACTL1 = 0x502
                0x00000504                __DMACTL2_L = 0x504
                0x00000505                __DMACTL2_H = 0x505
                0x00000504                __DMACTL2 = 0x504
                0x00000506                __DMACTL3_L = 0x506
                0x00000507                __DMACTL3_H = 0x507
                0x00000506                __DMACTL3 = 0x506
                0x00000508                __DMACTL4_L = 0x508
                0x00000509                __DMACTL4_H = 0x509
                0x00000508                __DMACTL4 = 0x508
                0x0000050e                __DMAIV_L = 0x50e
                0x0000050f                __DMAIV_H = 0x50f
                0x0000050e                __DMAIV = 0x50e
                0x00000510                __DMA0CTL_L = 0x510
                0x00000511                __DMA0CTL_H = 0x511
                0x00000510                __DMA0CTL = 0x510
                0x00000512                __DMA0SA = 0x512
                0x00000516                __DMA0DA = 0x516
                0x0000051a                __DMA0SZ = 0x51a
                0x00000520                __DMA1CTL_L = 0x520
                0x00000521                __DMA1CTL_H = 0x521
                0x00000520                __DMA1CTL = 0x520
                0x00000522                __DMA1SA = 0x522
                0x00000526                __DMA1DA = 0x526
                0x0000052a                __DMA1SZ = 0x52a
                0x00000530                __DMA2CTL_L = 0x530
                0x00000531                __DMA2CTL_H = 0x531
                0x00000530                __DMA2CTL = 0x530
                0x00000532                __DMA2SA = 0x532
                0x00000536                __DMA2DA = 0x536
                0x0000053a                __DMA2SZ = 0x53a
                0x00000140                __FCTL1_L = 0x140
                0x00000141                __FCTL1_H = 0x141
                0x00000140                __FCTL1 = 0x140
                0x00000144                __FCTL3_L = 0x144
                0x00000145                __FCTL3_H = 0x145
                0x00000144                __FCTL3 = 0x144
                0x00000146                __FCTL4_L = 0x146
                0x00000147                __FCTL4_H = 0x147
                0x00000146                __FCTL4 = 0x146
                0x000004c0                __MPY_L = 0x4c0
                0x000004c1                __MPY_H = 0x4c1
                0x000004c0                __MPY = 0x4c0
                0x000004c2                __MPYS_L = 0x4c2
                0x000004c3                __MPYS_H = 0x4c3
                0x000004c2                __MPYS = 0x4c2
                0x000004c4                __MAC_L = 0x4c4
                0x000004c5                __MAC_H = 0x4c5
                0x000004c4                __MAC = 0x4c4
                0x000004c6                __MACS_L = 0x4c6
                0x000004c7                __MACS_H = 0x4c7
                0x000004c6                __MACS = 0x4c6
                0x000004c8                __OP2_L = 0x4c8
                0x000004c9                __OP2_H = 0x4c9
                0x000004c8                __OP2 = 0x4c8
                0x000004ca                __RESLO_L = 0x4ca
                0x000004cb                __RESLO_H = 0x4cb
                0x000004ca                __RESLO = 0x4ca
                0x000004cc                __RESHI_L = 0x4cc
                0x000004cd                __RESHI_H = 0x4cd
                0x000004cc                __RESHI = 0x4cc
                0x000004ce                __SUMEXT_L = 0x4ce
                0x000004cf                __SUMEXT_H = 0x4cf
                0x000004ce                __SUMEXT = 0x4ce
                0x000004d0                __MPY32L_L = 0x4d0
                0x000004d1                __MPY32L_H = 0x4d1
                0x000004d0                __MPY32L = 0x4d0
                0x000004d2                __MPY32H_L = 0x4d2
                0x000004d3                __MPY32H_H = 0x4d3
                0x000004d2                __MPY32H = 0x4d2
                0x000004d4                __MPYS32L_L = 0x4d4
                0x000004d5                __MPYS32L_H = 0x4d5
                0x000004d4                __MPYS32L = 0x4d4
                0x000004d6                __MPYS32H_L = 0x4d6
                0x000004d7                __MPYS32H_H = 0x4d7
                0x000004d6                __MPYS32H = 0x4d6
                0x000004d8                __MAC32L_L = 0x4d8
                0x000004d9                __MAC32L_H = 0x4d9
                0x000004d8                __MAC32L = 0x4d8
                0x000004da                __MAC32H_L = 0x4da
                0x000004db                __MAC32H_H = 0x4db
                0x000004da                __MAC32H = 0x4da
                0x000004dc                __MACS32L_L = 0x4dc
                0x000004dd                __MACS32L_H = 0x4dd
                0x000004dc                __MACS32L = 0x4dc
                0x000004de                __MACS32H_L = 0x4de
                0x000004df                __MACS32H_H = 0x4df
                0x000004de                __MACS32H = 0x4de
                0x000004e0                __OP2L_L = 0x4e0
                0x000004e1                __OP2L_H = 0x4e1
                0x000004e0                __OP2L = 0x4e0
                0x000004e2                __OP2H_L = 0x4e2
                0x000004e3                __OP2H_H = 0x4e3
                0x000004e2                __OP2H = 0x4e2
                0x000004e4                __RES0_L = 0x4e4
                0x000004e5                __RES0_H = 0x4e5
                0x000004e4                __RES0 = 0x4e4
                0x000004e6                __RES1_L = 0x4e6
                0x000004e7                __RES1_H = 0x4e7
                0x000004e6                __RES1 = 0x4e6
                0x000004e8                __RES2_L = 0x4e8
                0x000004e9                __RES2_H = 0x4e9
                0x000004e8                __RES2 = 0x4e8
                0x000004ea                __RES3_L = 0x4ea
                0x000004eb                __RES3_H = 0x4eb
                0x000004ea                __RES3 = 0x4ea
                0x000004ec                __MPY32CTL0_L = 0x4ec
                0x000004ed                __MPY32CTL0_H = 0x4ed
                0x000004ec                __MPY32CTL0 = 0x4ec
                0x00000200                __PAIN_L = 0x200
                0x00000201                __PAIN_H = 0x201
                0x00000200                __PAIN = 0x200
                0x00000202                __PAOUT_L = 0x202
                0x00000203                __PAOUT_H = 0x203
                0x00000202                __PAOUT = 0x202
                0x00000204                __PADIR_L = 0x204
                0x00000205                __PADIR_H = 0x205
                0x00000204                __PADIR = 0x204
                0x00000206                __PAREN_L = 0x206
                0x00000207                __PAREN_H = 0x207
                0x00000206                __PAREN = 0x206
                0x00000208                __PADS_L = 0x208
                0x00000209                __PADS_H = 0x209
                0x00000208                __PADS = 0x208
                0x0000020a                __PASEL_L = 0x20a
                0x0000020b                __PASEL_H = 0x20b
                0x0000020a                __PASEL = 0x20a
                0x00000218                __PAIES_L = 0x218
                0x00000219                __PAIES_H = 0x219
                0x00000218                __PAIES = 0x218
                0x0000021a                __PAIE_L = 0x21a
                0x0000021b                __PAIE_H = 0x21b
                0x0000021a                __PAIE = 0x21a
                0x0000021c                __PAIFG_L = 0x21c
                0x0000021d                __PAIFG_H = 0x21d
                0x0000021c                __PAIFG = 0x21c
                0x0000020e                __P1IV = 0x20e
                0x0000021e                __P2IV = 0x21e
                0x00000220                __PBIN_L = 0x220
                0x00000221                __PBIN_H = 0x221
                0x00000220                __PBIN = 0x220
                0x00000222                __PBOUT_L = 0x222
                0x00000223                __PBOUT_H = 0x223
                0x00000222                __PBOUT = 0x222
                0x00000224                __PBDIR_L = 0x224
                0x00000225                __PBDIR_H = 0x225
                0x00000224                __PBDIR = 0x224
                0x00000226                __PBREN_L = 0x226
                0x00000227                __PBREN_H = 0x227
                0x00000226                __PBREN = 0x226
                0x00000228                __PBDS_L = 0x228
                0x00000229                __PBDS_H = 0x229
                0x00000228                __PBDS = 0x228
                0x0000022a                __PBSEL_L = 0x22a
                0x0000022b                __PBSEL_H = 0x22b
                0x0000022a                __PBSEL = 0x22a
                0x00000240                __PCIN_L = 0x240
                0x00000241                __PCIN_H = 0x241
                0x00000240                __PCIN = 0x240
                0x00000242                __PCOUT_L = 0x242
                0x00000243                __PCOUT_H = 0x243
                0x00000242                __PCOUT = 0x242
                0x00000244                __PCDIR_L = 0x244
                0x00000245                __PCDIR_H = 0x245
                0x00000244                __PCDIR = 0x244
                0x00000246                __PCREN_L = 0x246
                0x00000247                __PCREN_H = 0x247
                0x00000246                __PCREN = 0x246
                0x00000248                __PCDS_L = 0x248
                0x00000249                __PCDS_H = 0x249
                0x00000248                __PCDS = 0x248
                0x0000024a                __PCSEL_L = 0x24a
                0x0000024b                __PCSEL_H = 0x24b
                0x0000024a                __PCSEL = 0x24a
                0x00000260                __PDIN_L = 0x260
                0x00000261                __PDIN_H = 0x261
                0x00000260                __PDIN = 0x260
                0x00000262                __PDOUT_L = 0x262
                0x00000263                __PDOUT_H = 0x263
                0x00000262                __PDOUT = 0x262
                0x00000264                __PDDIR_L = 0x264
                0x00000265                __PDDIR_H = 0x265
                0x00000264                __PDDIR = 0x264
                0x00000266                __PDREN_L = 0x266
                0x00000267                __PDREN_H = 0x267
                0x00000266                __PDREN = 0x266
                0x00000268                __PDDS_L = 0x268
                0x00000269                __PDDS_H = 0x269
                0x00000268                __PDDS = 0x268
                0x0000026a                __PDSEL_L = 0x26a
                0x0000026b                __PDSEL_H = 0x26b
                0x0000026a                __PDSEL = 0x26a
                0x00000280                __PEIN_L = 0x280
                0x00000281                __PEIN_H = 0x281
                0x00000280                __PEIN = 0x280
                0x00000282                __PEOUT_L = 0x282
                0x00000283                __PEOUT_H = 0x283
                0x00000282                __PEOUT = 0x282
                0x00000284                __PEDIR_L = 0x284
                0x00000285                __PEDIR_H = 0x285
                0x00000284                __PEDIR = 0x284
                0x00000286                __PEREN_L = 0x286
                0x00000287                __PEREN_H = 0x287
                0x00000286                __PEREN = 0x286
                0x00000288                __PEDS_L = 0x288
                0x00000289                __PEDS_H = 0x289
                0x00000288                __PEDS = 0x288
                0x0000028a                __PESEL_L = 0x28a
                0x0000028b                __PESEL_H = 0x28b
                0x0000028a                __PESEL = 0x28a
                0x000002a0                __PFIN_L = 0x2a0
                0x000002a1                __PFIN_H = 0x2a1
                0x000002a0                __PFIN = 0x2a0
                0x000002a2                __PFOUT_L = 0x2a2
                0x000002a3                __PFOUT_H = 0x2a3
                0x000002a2                __PFOUT = 0x2a2
                0x000002a4                __PFDIR_L = 0x2a4
                0x000002a5                __PFDIR_H = 0x2a5
                0x000002a4                __PFDIR = 0x2a4
                0x000002a6                __PFREN_L = 0x2a6
                0x000002a7                __PFREN_H = 0x2a7
                0x000002a6                __PFREN = 0x2a6
                0x000002a8                __PFDS_L = 0x2a8
                0x000002a9                __PFDS_H = 0x2a9
                0x000002a8                __PFDS = 0x2a8
                0x000002aa                __PFSEL_L = 0x2aa
                0x000002ab                __PFSEL_H = 0x2ab
                0x000002aa                __PFSEL = 0x2aa
                0x00000320                __PJIN_L = 0x320
                0x00000321                __PJIN_H = 0x321
                0x00000320                __PJIN = 0x320
                0x00000322                __PJOUT_L = 0x322
                0x00000323                __PJOUT_H = 0x323
                0x00000322                __PJOUT = 0x322
                0x00000324                __PJDIR_L = 0x324
                0x00000325                __PJDIR_H = 0x325
                0x00000324                __PJDIR = 0x324
                0x00000326                __PJREN_L = 0x326
                0x00000327                __PJREN_H = 0x327
                0x00000326                __PJREN = 0x326
                0x00000328                __PJDS_L = 0x328
                0x00000329                __PJDS_H = 0x329
                0x00000328                __PJDS = 0x328
                0x00000120                __PMMCTL0_L = 0x120
                0x00000121                __PMMCTL0_H = 0x121
                0x00000120                __PMMCTL0 = 0x120
                0x00000122                __PMMCTL1_L = 0x122
                0x00000123                __PMMCTL1_H = 0x123
                0x00000122                __PMMCTL1 = 0x122
                0x00000124                __SVSMHCTL_L = 0x124
                0x00000125                __SVSMHCTL_H = 0x125
                0x00000124                __SVSMHCTL = 0x124
                0x00000126                __SVSMLCTL_L = 0x126
                0x00000127                __SVSMLCTL_H = 0x127
                0x00000126                __SVSMLCTL = 0x126
                0x00000128                __SVSMIO_L = 0x128
                0x00000129                __SVSMIO_H = 0x129
                0x00000128                __SVSMIO = 0x128
                0x0000012c                __PMMIFG_L = 0x12c
                0x0000012d                __PMMIFG_H = 0x12d
                0x0000012c                __PMMIFG = 0x12c
                0x0000012e                __PMMRIE_L = 0x12e
                0x0000012f                __PMMRIE_H = 0x12f
                0x0000012e                __PMMRIE = 0x12e
                0x00000130                __PM5CTL0_L = 0x130
                0x00000131                __PM5CTL0_H = 0x131
                0x00000130                __PM5CTL0 = 0x130
                0x00000158                __RCCTL0_L = 0x158
                0x00000159                __RCCTL0_H = 0x159
                0x00000158                __RCCTL0 = 0x158
                0x000001b0                __REFCTL0_L = 0x1b0
                0x000001b1                __REFCTL0_H = 0x1b1
                0x000001b0                __REFCTL0 = 0x1b0
                0x000004a0                __RTCCTL01_L = 0x4a0
                0x000004a1                __RTCCTL01_H = 0x4a1
                0x000004a0                __RTCCTL01 = 0x4a0
                0x000004a2                __RTCCTL23_L = 0x4a2
                0x000004a3                __RTCCTL23_H = 0x4a3
                0x000004a2                __RTCCTL23 = 0x4a2
                0x000004a8                __RTCPS0CTL_L = 0x4a8
                0x000004a9                __RTCPS0CTL_H = 0x4a9
                0x000004a8                __RTCPS0CTL = 0x4a8
                0x000004aa                __RTCPS1CTL_L = 0x4aa
                0x000004ab                __RTCPS1CTL_H = 0x4ab
                0x000004aa                __RTCPS1CTL = 0x4aa
                0x000004ac                __RTCPS_L = 0x4ac
                0x000004ad                __RTCPS_H = 0x4ad
                0x000004ac                __RTCPS = 0x4ac
                0x000004ae                __RTCIV = 0x4ae
                0x000004b0                __RTCTIM0_L = 0x4b0
                0x000004b1                __RTCTIM0_H = 0x4b1
                0x000004b0                __RTCTIM0 = 0x4b0
                0x000004b2                __RTCTIM1_L = 0x4b2
                0x000004b3                __RTCTIM1_H = 0x4b3
                0x000004b2                __RTCTIM1 = 0x4b2
                0x000004b4                __RTCDATE_L = 0x4b4
                0x000004b5                __RTCDATE_H = 0x4b5
                0x000004b4                __RTCDATE = 0x4b4
                0x000004b6                __RTCYEAR_L = 0x4b6
                0x000004b7                __RTCYEAR_H = 0x4b7
                0x000004b6                __RTCYEAR = 0x4b6
                0x000004b8                __RTCAMINHR_L = 0x4b8
                0x000004b9                __RTCAMINHR_H = 0x4b9
                0x000004b8                __RTCAMINHR = 0x4b8
                0x000004ba                __RTCADOWDAY_L = 0x4ba
                0x000004bb                __RTCADOWDAY_H = 0x4bb
                0x000004ba                __RTCADOWDAY = 0x4ba
                0x00000100                __SFRIE1_L = 0x100
                0x00000101                __SFRIE1_H = 0x101
                0x00000100                __SFRIE1 = 0x100
                0x00000102                __SFRIFG1_L = 0x102
                0x00000103                __SFRIFG1_H = 0x103
                0x00000102                __SFRIFG1 = 0x102
                0x00000104                __SFRRPCR_L = 0x104
                0x00000105                __SFRRPCR_H = 0x105
                0x00000104                __SFRRPCR = 0x104
                0x00000180                __SYSCTL_L = 0x180
                0x00000181                __SYSCTL_H = 0x181
                0x00000180                __SYSCTL = 0x180
                0x00000182                __SYSBSLC_L = 0x182
                0x00000183                __SYSBSLC_H = 0x183
                0x00000182                __SYSBSLC = 0x182
                0x00000186                __SYSJMBC_L = 0x186
                0x00000187                __SYSJMBC_H = 0x187
                0x00000186                __SYSJMBC = 0x186
                0x00000188                __SYSJMBI0_L = 0x188
                0x00000189                __SYSJMBI0_H = 0x189
                0x00000188                __SYSJMBI0 = 0x188
                0x0000018a                __SYSJMBI1_L = 0x18a
                0x0000018b                __SYSJMBI1_H = 0x18b
                0x0000018a                __SYSJMBI1 = 0x18a
                0x0000018c                __SYSJMBO0_L = 0x18c
                0x0000018d                __SYSJMBO0_H = 0x18d
                0x0000018c                __SYSJMBO0 = 0x18c
                0x0000018e                __SYSJMBO1_L = 0x18e
                0x0000018f                __SYSJMBO1_H = 0x18f
                0x0000018e                __SYSJMBO1 = 0x18e
                0x00000198                __SYSBERRIV_L = 0x198
                0x00000199                __SYSBERRIV_H = 0x199
                0x00000198                __SYSBERRIV = 0x198
                0x0000019a                __SYSUNIV_L = 0x19a
                0x0000019b                __SYSUNIV_H = 0x19b
                0x0000019a                __SYSUNIV = 0x19a
                0x0000019c                __SYSSNIV_L = 0x19c
                0x0000019d                __SYSSNIV_H = 0x19d
                0x0000019c                __SYSSNIV = 0x19c
                0x0000019e                __SYSRSTIV_L = 0x19e
                0x0000019f                __SYSRSTIV_H = 0x19f
                0x0000019e                __SYSRSTIV = 0x19e
                0x00000340                __TA0CTL = 0x340
                0x00000342                __TA0CCTL0 = 0x342
                0x00000344                __TA0CCTL1 = 0x344
                0x00000346                __TA0CCTL2 = 0x346
                0x00000348                __TA0CCTL3 = 0x348
                0x0000034a                __TA0CCTL4 = 0x34a
                0x00000350                __TA0R = 0x350
                0x00000352                __TA0CCR0 = 0x352
                0x00000354                __TA0CCR1 = 0x354
                0x00000356                __TA0CCR2 = 0x356
                0x00000358                __TA0CCR3 = 0x358
                0x0000035a                __TA0CCR4 = 0x35a
                0x0000036e                __TA0IV = 0x36e
                0x00000360                __TA0EX0 = 0x360
                0x00000380                __TA1CTL = 0x380
                0x00000382                __TA1CCTL0 = 0x382
                0x00000384                __TA1CCTL1 = 0x384
                0x00000386                __TA1CCTL2 = 0x386
                0x00000390                __TA1R = 0x390
                0x00000392                __TA1CCR0 = 0x392
                0x00000394                __TA1CCR1 = 0x394
                0x00000396                __TA1CCR2 = 0x396
                0x000003ae                __TA1IV = 0x3ae
                0x000003a0                __TA1EX0 = 0x3a0
                0x000003c0                __TB0CTL = 0x3c0
                0x000003c2                __TB0CCTL0 = 0x3c2
                0x000003c4                __TB0CCTL1 = 0x3c4
                0x000003c6                __TB0CCTL2 = 0x3c6
                0x000003c8                __TB0CCTL3 = 0x3c8
                0x000003ca                __TB0CCTL4 = 0x3ca
                0x000003cc                __TB0CCTL5 = 0x3cc
                0x000003ce                __TB0CCTL6 = 0x3ce
                0x000003d0                __TB0R = 0x3d0
                0x000003d2                __TB0CCR0 = 0x3d2
                0x000003d4                __TB0CCR1 = 0x3d4
                0x000003d6                __TB0CCR2 = 0x3d6
                0x000003d8                __TB0CCR3 = 0x3d8
                0x000003da                __TB0CCR4 = 0x3da
                0x000003dc                __TB0CCR5 = 0x3dc
                0x000003de                __TB0CCR6 = 0x3de
                0x000003e0                __TB0EX0 = 0x3e0
                0x000003ee                __TB0IV = 0x3ee
                0x00000160                __UCSCTL0_L = 0x160
                0x00000161                __UCSCTL0_H = 0x161
                0x00000160                __UCSCTL0 = 0x160
                0x00000162                __UCSCTL1_L = 0x162
                0x00000163                __UCSCTL1_H = 0x163
                0x00000162                __UCSCTL1 = 0x162
                0x00000164                __UCSCTL2_L = 0x164
                0x00000165                __UCSCTL2_H = 0x165
                0x00000164                __UCSCTL2 = 0x164
                0x00000166                __UCSCTL3_L = 0x166
                0x00000167                __UCSCTL3_H = 0x167
                0x00000166                __UCSCTL3 = 0x166
                0x00000168                __UCSCTL4_L = 0x168
                0x00000169                __UCSCTL4_H = 0x169
                0x00000168                __UCSCTL4 = 0x168
                0x0000016a                __UCSCTL5_L = 0x16a
                0x0000016b                __UCSCTL5_H = 0x16b
                0x0000016a                __UCSCTL5 = 0x16a
                0x0000016c                __UCSCTL6_L = 0x16c
                0x0000016d                __UCSCTL6_H = 0x16d
                0x0000016c                __UCSCTL6 = 0x16c
                0x0000016e                __UCSCTL7_L = 0x16e
                0x0000016f                __UCSCTL7_H = 0x16f
                0x0000016e                __UCSCTL7 = 0x16e
                0x00000170                __UCSCTL8_L = 0x170
                0x00000171                __UCSCTL8_H = 0x171
                0x00000170                __UCSCTL8 = 0x170
                0x000005c0                __UCA0CTLW0_L = 0x5c0
                0x000005c1                __UCA0CTLW0_H = 0x5c1
                0x000005c0                __UCA0CTLW0 = 0x5c0
                0x000005c6                __UCA0BRW_L = 0x5c6
                0x000005c7                __UCA0BRW_H = 0x5c7
                0x000005c6                __UCA0BRW = 0x5c6
                0x000005c8                __UCA0MCTL = 0x5c8
                0x000005ca                __UCA0STAT = 0x5ca
                0x000005cc                __UCA0RXBUF = 0x5cc
                0x000005ce                __UCA0TXBUF = 0x5ce
                0x000005d0                __UCA0ABCTL = 0x5d0
                0x000005d2                __UCA0IRCTL_L = 0x5d2
                0x000005d3                __UCA0IRCTL_H = 0x5d3
                0x000005d2                __UCA0IRCTL = 0x5d2
                0x000005dc                __UCA0ICTL_L = 0x5dc
                0x000005dd                __UCA0ICTL_H = 0x5dd
                0x000005dc                __UCA0ICTL = 0x5dc
                0x000005de                __UCA0IV = 0x5de
                0x000005e0                __UCB0CTLW0_L = 0x5e0
                0x000005e1                __UCB0CTLW0_H = 0x5e1
                0x000005e0                __UCB0CTLW0 = 0x5e0
                0x000005e6                __UCB0BRW_L = 0x5e6
                0x000005e7                __UCB0BRW_H = 0x5e7
                0x000005e6                __UCB0BRW = 0x5e6
                0x000005ea                __UCB0STAT = 0x5ea
                0x000005ec                __UCB0RXBUF = 0x5ec
                0x000005ee                __UCB0TXBUF = 0x5ee
                0x000005f0                __UCB0I2COA_L = 0x5f0
                0x000005f1                __UCB0I2COA_H = 0x5f1
                0x000005f0                __UCB0I2COA = 0x5f0
                0x000005f2                __UCB0I2CSA_L = 0x5f2
                0x000005f3                __UCB0I2CSA_H = 0x5f3
                0x000005f2                __UCB0I2CSA = 0x5f2
                0x000005fc                __UCB0ICTL_L = 0x5fc
                0x000005fd                __UCB0ICTL_H = 0x5fd
                0x000005fc                __UCB0ICTL = 0x5fc
                0x000005fe                __UCB0IV = 0x5fe
                0x00000600                __UCA1CTLW0_L = 0x600
                0x00000601                __UCA1CTLW0_H = 0x601
                0x00000600                __UCA1CTLW0 = 0x600
                0x00000606                __UCA1BRW_L = 0x606
                0x00000607                __UCA1BRW_H = 0x607
                0x00000606                __UCA1BRW = 0x606
                0x00000608                __UCA1MCTL = 0x608
                0x0000060a                __UCA1STAT = 0x60a
                0x0000060c                __UCA1RXBUF = 0x60c
                0x0000060e                __UCA1TXBUF = 0x60e
                0x00000610                __UCA1ABCTL = 0x610
                0x00000612                __UCA1IRCTL_L = 0x612
                0x00000613                __UCA1IRCTL_H = 0x613
                0x00000612                __UCA1IRCTL = 0x612
                0x0000061c                __UCA1ICTL_L = 0x61c
                0x0000061d                __UCA1ICTL_H = 0x61d
                0x0000061c                __UCA1ICTL = 0x61c
                0x0000061e                __UCA1IV = 0x61e
                0x00000620                __UCB1CTLW0_L = 0x620
                0x00000621                __UCB1CTLW0_H = 0x621
                0x00000620                __UCB1CTLW0 = 0x620
                0x00000626                __UCB1BRW_L = 0x626
                0x00000627                __UCB1BRW_H = 0x627
                0x00000626                __UCB1BRW = 0x626
                0x0000062a                __UCB1STAT = 0x62a
                0x0000062c                __UCB1RXBUF = 0x62c
                0x0000062e                __UCB1TXBUF = 0x62e
                0x00000630                __UCB1I2COA_L = 0x630
                0x00000631                __UCB1I2COA_H = 0x631
                0x00000630                __UCB1I2COA = 0x630
                0x00000632                __UCB1I2CSA_L = 0x632
                0x00000633                __UCB1I2CSA_H = 0x633
                0x00000632                __UCB1I2CSA = 0x632
                0x0000063c                __UCB1ICTL_L = 0x63c
                0x0000063d                __UCB1ICTL_H = 0x63d
                0x0000063c                __UCB1ICTL = 0x63c
                0x0000063e                __UCB1IV = 0x63e
                0x0000015c                __WDTCTL_L = 0x15c
                0x0000015d                __WDTCTL_H = 0x15d
                0x0000015c                __WDTCTL = 0x15c

.hash
 *(.hash)

.dynsym
 *(.dynsym)

.dynstr
 *(.dynstr)

.gnu.version
 *(.gnu.version)

.gnu.version_d
 *(.gnu.version_d)

.gnu.version_r
 *(.gnu.version_r)

.rel.init
 *(.rel.init)

.rela.init
 *(.rela.init)

.rel.fini
 *(.rel.fini)

.rela.fini
 *(.rela.fini)

.rel.text
 *(.rel.text .rel.text.* .rel.gnu.linkonce.t.*)

.rela.text
 *(.rela.text .rela.text.* .rela.gnu.linkonce.t.*)

.rel.rodata
 *(.rel.rodata .rel.rodata.* .rel.gnu.linkonce.r.*)

.rela.rodata
 *(.rela.rodata .rela.rodata.* .rela.gnu.linkonce.r.*)

.rel.data
 *(.rel.data .rel.data.* .rel.gnu.linkonce.d.*)

.rela.data
 *(.rela.data .rela.data.* .rela.gnu.linkonce.d.*)

.rel.bss
 *(.rel.bss .rel.bss.* .rel.gnu.linkonce.b.*)

.rela.bss
 *(.rela.bss .rela.bss.* .rela.gnu.linkonce.b.*)

.rel.ctors
 *(.rel.ctors)

.rela.ctors
 *(.rela.ctors)

.rel.dtors
 *(.rel.dtors)

.rela.dtors
 *(.rela.dtors)

.rel.got
 *(.rel.got)

.rela.got
 *(.rela.got)

.rel.plt
 *(.rel.plt)

.rela.plt
 *(.rela.plt)

.text           0x00005c00     0x9cda
                0x00005c00                . = ALIGN (0x2)
 *(.init .init.*)
 *(.init0)
 .init0         0x00005c00        0x0 /opt/mspgccx/bin/../lib/gcc/msp430/4.7.0/mcpu-430x/mmpy-16/msr20/mc20/libcrt0.a(_reset_vector__.o)
                0x00005c00                _reset_vector__
 *(.init1)
 .init1         0x00005c00        0xc /opt/mspgccx/bin/../lib/gcc/msp430/4.7.0/mcpu-430x/mmpy-16/msr20/mc20/libcrt0.a(__watchdog_support.o)
                0x00005c00                __watchdog_support
 *(.init2)
 .init2         0x00005c0c        0x4 /opt/mspgccx/bin/../lib/gcc/msp430/4.7.0/mcpu-430x/mmpy-16/msr20/mc20/libcrt0.a(__init_stack.o)
                0x00005c0c                __init_stack
 *(.init3)
 .init3         0x00005c10        0x0 /opt/mspgccx/bin/../lib/gcc/msp430/4.7.0/mcpu-430x/mmpy-16/msr20/mc20/libcrt0.a(__low_level_init.o)
                0x00005c10                __low_level_init
 *(.init4)
 .init4         0x00005c10       0x18 /opt/mspgccx/bin/../lib/gcc/msp430/4.7.0/mcpu-430x/mmpy-16/msr20/mc20/libcrt0.a(_copy_data.o)
                0x00005c10                __do_copy_data
 .init4         0x00005c28       0x16 /opt/mspgccx/bin/../lib/gcc/msp430/4.7.0/mcpu-430x/mmpy-16/msr20/mc20/libcrt0.a(_clear_bss.o)
                0x00005c28                __do_clear_bss
 *(.init5)
 *(.init6)
 *(.init7)
 *(.init8)
 *(.init9)
 .init9         0x00005c3e      0x2c4 obj_trxeb1120/contiki-exp5438-main.o
                0x00005c3e                main
 *(.fini9)
 .fini9         0x00005f02        0x0 /opt/mspgccx/bin/../lib/gcc/msp430/4.7.0/mcpu-430x/mmpy-16/msr20/mc20/libcrt0.a(__stop_progExec__.o)
                0x00005f02                __stop_progExec__
 *(.fini8)
 *(.fini7)
 *(.fini6)
 *(.fini5)
 *(.fini4)
 *(.fini3)
 *(.fini2)
 *(.fini1)
 *(.fini0)
 .fini0         0x00005f02        0x6 /opt/mspgccx/bin/../lib/gcc/msp430/4.7.0/mcpu-430x/mmpy-16/msr20/mc20/libcrt0.a(_endless_loop__.o)
                0x00005f02                _endless_loop__
 *(.fini .fini.*)
                0x00005f08                . = ALIGN (0x2)
                0x00005f08                __ctors_start = .
 *(.ctors)
                0x00005f08                __ctors_end = .
                0x00005f08                __dtors_start = .
 *(.dtors)
                0x00005f08                __dtors_end = .
                0x00005f08                . = ALIGN (0x2)
 *(.text .text.* .gnu.linkonce.t.*)
 .text          0x00005f08        0x4 /opt/mspgccx/bin/../lib/gcc/msp430/4.7.0/mcpu-430x/mmpy-16/msr20/mc20/crt0ivtbl64.o
                0x00005f08                __isr_37
                0x00005f08                __isr_51
                0x00005f08                __isr_33
                0x00005f08                __isr_32
                0x00005f08                __isr_54
                0x00005f08                __isr_42
                0x00005f08                __isr_59
                0x00005f08                __isr_39
                0x00005f08                __isr_46
                0x00005f08                __isr_53
                0x00005f08                __isr_60
                0x00005f08                __isr_36
                0x00005f08                __isr_34
                0x00005f08                __isr_44
                0x00005f08                __isr_61
                0x00005f08                __isr_55
                0x00005f08                __isr_43
                0x00005f08                __isr_50
                0x00005f08                __isr_56
                0x00005f08                __isr_38
                0x00005f08                __isr_35
                0x00005f08                __isr_45
                0x00005f08                __isr_62
                0x00005f08                __isr_52
                0x00005f08                __isr_40
 .text.libgcc   0x00005f0c       0x20 /opt/mspgccx/bin/../lib/gcc/msp430/4.7.0/mcpu-430x/mmpy-16/msr20/mc20/libgcc.a(_udivmod8.o)
                0x00005f0c                __ext_udivmod8
                0x00005f0c                __udivqi3
                0x00005f24                __umodqi3
 .text.libgcc   0x00005f2c       0x22 /opt/mspgccx/bin/../lib/gcc/msp430/4.7.0/mcpu-430x/mmpy-16/msr20/mc20/libgcc.a(_udivmod16.o)
                0x00005f2c                __udivhi3
                0x00005f2c                __ext_udivmod16
                0x00005f46                __umodhi3
 .text.libgcc   0x00005f4e       0x3a /opt/mspgccx/bin/../lib/gcc/msp430/4.7.0/mcpu-430x/mmpy-16/msr20/mc20/libgcc.a(_divmod16.o)
                0x00005f4e                __ext_divmod16
                0x00005f4e                __divhi3
                0x00005f80                __modhi3
 .text.libgcc   0x00005f88       0x38 /opt/mspgccx/bin/../lib/gcc/msp430/4.7.0/mcpu-430x/mmpy-16/msr20/mc20/libgcc.a(_udivmod32.o)
                0x00005f88                __udivsi3
                0x00005f88                __ext_udivmod32
                0x00005fb6                __umodsi3
 .text.libgcc   0x00005fc0       0x26 /opt/mspgccx/bin/../lib/gcc/msp430/4.7.0/mcpu-430x/mmpy-16/msr20/mc20/libgcc.a(_mulsi3.o)
                0x00005fc0                __mulsi3
 .text.libgcc   0x00005fe6       0xbc /opt/mspgccx/bin/../lib/gcc/msp430/4.7.0/mcpu-430x/mmpy-16/msr20/mc20/libgcc.a(_udivmod64.o)
                0x00005fe6                __xabi_udivmod64
                0x00006038                __udivdi3
                0x00006052                __umoddi3
                0x00006074                __udivmoddi4
 .text.crt0     0x000060a2        0x2 /opt/mspgccx/bin/../lib/gcc/msp430/4.7.0/mcpu-430x/mmpy-16/msr20/mc20/libcrt0.a(_unexpected_.o)
                0x000060a2                _unexpected_
 *(.near.text .near.text.*)
 .near.text.watchdog_interrupt
                0x000060a4        0x6 contiki-trxeb1120.a(watchdog.o)
                0x000060a4                watchdog_interrupt
                0x000060a4                __isr_58
 .near.text.cc1120_port1_interrupt
                0x000060aa       0x7a contiki-trxeb1120.a(cc1120-msp-arch)
                0x000060aa                __isr_47
                0x000060aa                cc1120_port1_interrupt
 .near.text.timera0
                0x00006124       0x78 contiki-trxeb1120.a(rtimer-arch.o)
                0x00006124                __isr_49
                0x00006124                timera0
 .near.text.uart0_rx_interrupt
                0x0000619c       0x32 contiki-trxeb1120.a(uart0x.o)
                0x0000619c                __isr_57
                0x0000619c                uart0_rx_interrupt
 .near.text.timera1
                0x000061ce      0x116 contiki-trxeb1120.a(clock.o)
                0x000061ce                __isr_48
                0x000061ce                timera1
 .near.text.rtcisr
                0x000062e4      0x14c contiki-trxeb1120.a(clock.o)
                0x000062e4                __isr_41
                0x000062e4                rtcisr
 .any.text.multicast_send
                0x00006430       0x44 border-router.co
 .any.text.root_handle_message
                0x00006474       0x96 border-router.co
 .any.text.request_prefix
                0x0000650a       0x1e border-router.co
                0x0000650a                request_prefix
 .any.text.process_thread_border_router_process
                0x00006528      0x1ee border-router.co
 .any.text.set_prefix_64
                0x00006716       0x66 border-router.co
                0x00006716                set_prefix_64
 .any.text.output
                0x0000677c       0x1c obj_trxeb1120/slip-bridge.o
 .any.text.init
                0x00006798       0x1e obj_trxeb1120/slip-bridge.o
 .any.text.slip_input_callback
                0x000067b6       0x98 obj_trxeb1120/slip-bridge.o
 .any.text.putchar
                0x0000684e       0x3c obj_trxeb1120/slip-bridge.o
                0x0000684e                putchar
 .any.text.update_new_schedule
                0x0000688a       0x12 contiki-trxeb1120.a(netsynch.o)
                0x0000688a                update_new_schedule
 .any.text.sent_to_pan
                0x0000689c       0x4e contiki-trxeb1120.a(netsynch.o)
 .any.text.netsynch_send
                0x000068ea       0xd8 contiki-trxeb1120.a(netsynch.o)
 .any.text.netsynch_common_send
                0x000069c2       0x14 contiki-trxeb1120.a(netsynch.o)
 .any.text.netsynch_is_synched
                0x000069d6        0xe contiki-trxeb1120.a(netsynch.o)
                0x000069d6                netsynch_is_synched
 .any.text.schedule_bitmap_set_new
                0x000069e4       0x10 contiki-trxeb1120.a(netsynch.o)
                0x000069e4                schedule_bitmap_set_new
 .any.text.update_schedule
                0x000069f4       0x18 contiki-trxeb1120.a(netsynch.o)
                0x000069f4                update_schedule
 .any.text.schedule_bitmap_get
                0x00006a0c        0xe contiki-trxeb1120.a(netsynch.o)
                0x00006a0c                schedule_bitmap_get
 .any.text.netsynch_cal_offset
                0x00006a1a       0x4a contiki-trxeb1120.a(netsynch.o)
                0x00006a1a                netsynch_cal_offset
 .any.text.set_recvmsg
                0x00006a64       0x24 contiki-trxeb1120.a(netsynch.o)
                0x00006a64                set_recvmsg
 .any.text.process_thread_netsynch_process
                0x00006a88      0x2e6 contiki-trxeb1120.a(netsynch.o)
 .any.text.netsync_common_timesource
                0x00006d6e       0x92 contiki-trxeb1120.a(netsynch.o)
                0x00006d6e                netsync_common_timesource
 .any.text.init_concentrator_ipv6addr
                0x00006e00       0x2a contiki-trxeb1120.a(netsynch.o)
                0x00006e00                init_concentrator_ipv6addr
 .any.text.get_concentrator_ipv6addr
                0x00006e2a        0x6 contiki-trxeb1120.a(netsynch.o)
                0x00006e2a                get_concentrator_ipv6addr
 .any.text.init_schedule
                0x00006e30       0x10 contiki-trxeb1120.a(netsynch.o)
                0x00006e30                init_schedule
 .any.text.netsync_schedule_all_on
                0x00006e40       0x18 contiki-trxeb1120.a(netsynch.o)
                0x00006e40                netsync_schedule_all_on
 .any.text.netsynch_init
                0x00006e58       0x20 contiki-trxeb1120.a(netsynch.o)
                0x00006e58                netsynch_init
 .any.text.netsync_autocal_init
                0x00006e78       0x10 contiki-trxeb1120.a(netsync-auto-ca)
                0x00006e78                netsync_autocal_init
 .any.text.process_thread_task_schedule_process
                0x00006e88       0xa4 contiki-trxeb1120.a(task-schedule.o)
 .any.text.get_Start_Time
                0x00006f2c      0x216 contiki-trxeb1120.a(task-schedule.o)
 .any.text.task_schedule_reset
                0x00007142       0x72 contiki-trxeb1120.a(task-schedule.o)
 .any.text.task_schedule_init
                0x000071b4       0x18 contiki-trxeb1120.a(task-schedule.o)
                0x000071b4                task_schedule_init
 .any.text.task_schedule_set
                0x000071cc       0x88 contiki-trxeb1120.a(task-schedule.o)
                0x000071cc                task_schedule_set
 .any.text.task_schedule_change
                0x00007254      0x130 contiki-trxeb1120.a(task-schedule.o)
                0x00007254                task_schedule_change
 .any.text.task_schedule_set_period
                0x00007384       0x10 contiki-trxeb1120.a(task-schedule.o)
                0x00007384                task_schedule_set_period
 .any.text.process_thread_correct_time_process
                0x00007394      0x100 contiki-trxeb1120.a(correct_time.o)
 .any.text.correct_time_init
                0x00007494        0xc contiki-trxeb1120.a(correct_time.o)
                0x00007494                correct_time_init
 .any.text.setting_network_configuration2
                0x000074a0       0x1e contiki-trxeb1120.a(node_function.o)
                0x000074a0                setting_network_configuration2
 .any.text.NodeReboot
                0x000074be        0x6 contiki-trxeb1120.a(node_function.o)
                0x000074be                NodeReboot
 .any.text.NodeReset
                0x000074c4        0xe contiki-trxeb1120.a(node_function.o)
                0x000074c4                NodeReset
 .any.text.wake_dev_send
                0x000074d2       0x5c contiki-trxeb1120.a(wake-dev.o)
                0x000074d2                wake_dev_send
 .any.text.wake_dev_init
                0x0000752e        0xc contiki-trxeb1120.a(wake-dev.o)
                0x0000752e                wake_dev_init
 .any.text.wake_send
                0x0000753a       0x64 contiki-trxeb1120.a(wake-node.o)
                0x0000753a                wake_send
 .any.text.process_thread_wake_node_process
                0x0000759e       0xf4 contiki-trxeb1120.a(wake-node.o)
 .any.text.wake_node_init
                0x00007692        0xc contiki-trxeb1120.a(wake-node.o)
                0x00007692                wake_node_init
 .any.text.cache_wake_info
                0x0000769e       0x1c contiki-trxeb1120.a(wake-common.o)
                0x0000769e                cache_wake_info
 .any.text.get_wake_info
                0x000076ba        0x6 contiki-trxeb1120.a(wake-common.o)
                0x000076ba                get_wake_info
 .any.text.wake_sent_callback
                0x000076c0       0xa4 contiki-trxeb1120.a(wake-common.o)
                0x000076c0                wake_sent_callback
 .any.text.set_wake_send
                0x00007764        0x6 contiki-trxeb1120.a(wake-common.o)
                0x00007764                set_wake_send
 .any.text.get_wake_send
                0x0000776a        0x6 contiki-trxeb1120.a(wake-common.o)
                0x0000776a                get_wake_send
 .any.text.wake_common_init
                0x00007770       0x1e contiki-trxeb1120.a(wake-common.o)
                0x00007770                wake_common_init
 .any.text.auto_sleep_callback
                0x0000778e       0x1a contiki-trxeb1120.a(low-latency.o)
 .any.text.set_lowLatency_flag
                0x000077a8       0xe6 contiki-trxeb1120.a(low-latency.o)
                0x000077a8                set_lowLatency_flag
 .any.text.get_lowLatency_flag
                0x0000788e        0x6 contiki-trxeb1120.a(low-latency.o)
                0x0000788e                get_lowLatency_flag
 .any.text.set_low_latency_channel_clear_flag
                0x00007894        0x6 contiki-trxeb1120.a(low-latency.o)
                0x00007894                set_low_latency_channel_clear_flag
 .any.text.get_low_latency_active_time
                0x0000789a        0x6 contiki-trxeb1120.a(low-latency.o)
                0x0000789a                get_low_latency_active_time
 .any.text.low_latency_msg_send_logout
                0x000078a0       0x10 contiki-trxeb1120.a(low-latency-msg)
 .any.text.low_latency_msg_send
                0x000078b0       0x32 contiki-trxeb1120.a(low-latency-msg)
                0x000078b0                low_latency_msg_send
 .any.text.low_latency_msg_send_register
                0x000078e2        0xa contiki-trxeb1120.a(low-latency-msg)
                0x000078e2                low_latency_msg_send_register
 .any.text.set_force_auto_sleep
                0x000078ec       0x1e contiki-trxeb1120.a(auto-sleep.o)
 .any.text.clear_force_auto_sleep
                0x0000790a        0x6 contiki-trxeb1120.a(auto-sleep.o)
                0x0000790a                clear_force_auto_sleep
 .any.text.get_force_auto_sleep
                0x00007910        0x6 contiki-trxeb1120.a(auto-sleep.o)
                0x00007910                get_force_auto_sleep
 .any.text.set_round_auto_sleep
                0x00007916        0x6 contiki-trxeb1120.a(auto-sleep.o)
                0x00007916                set_round_auto_sleep
 .any.text.get_round_auto_sleep
                0x0000791c        0x6 contiki-trxeb1120.a(auto-sleep.o)
                0x0000791c                get_round_auto_sleep
 .any.text.set_delay_auto_sleep
                0x00007922       0x16 contiki-trxeb1120.a(auto-sleep.o)
                0x00007922                set_delay_auto_sleep
 .any.text.w_memcpy
                0x00007938       0x1c contiki-trxeb1120.a(msp430.o)
                0x00007938                w_memcpy
 .any.text.w_memset
                0x00007954       0x12 contiki-trxeb1120.a(msp430.o)
                0x00007954                w_memset
 .any.text.msp430_set_dco_speed
                0x00007966      0x10e contiki-trxeb1120.a(msp430.o)
                0x00007966                msp430_set_dco_speed
 .any.text.msp430_quick_synch_dco
                0x00007a74        0xe contiki-trxeb1120.a(msp430.o)
                0x00007a74                msp430_quick_synch_dco
 .any.text.msp430_cpu_init
                0x00007a82      0x178 contiki-trxeb1120.a(msp430.o)
                0x00007a82                msp430_cpu_init
 .any.text.splhigh_
                0x00007bfa        0x8 contiki-trxeb1120.a(msp430.o)
                0x00007bfa                splhigh_
 .any.text.show_leds
                0x00007c02      0x148 contiki-trxeb1120.a(leds.o)
 .any.text.leds_init
                0x00007d4a        0xa contiki-trxeb1120.a(leds.o)
                0x00007d4a                leds_init
 .any.text.leds_on
                0x00007d54        0xa contiki-trxeb1120.a(leds.o)
                0x00007d54                leds_on
 .any.text.leds_off
                0x00007d5e        0xe contiki-trxeb1120.a(leds.o)
                0x00007d5e                leds_off
 .any.text.leds_toggle
                0x00007d6c        0xa contiki-trxeb1120.a(leds.o)
                0x00007d6c                leds_toggle
 .any.text.watchdog_start
                0x00007d76       0x14 contiki-trxeb1120.a(watchdog.o)
                0x00007d76                watchdog_start
 .any.text.watchdog_periodic
                0x00007d8a       0x12 contiki-trxeb1120.a(watchdog.o)
                0x00007d8a                watchdog_periodic
 .any.text.watchdog_stop
                0x00007d9c       0x16 contiki-trxeb1120.a(watchdog.o)
                0x00007d9c                watchdog_stop
 .any.text.watchdog_init
                0x00007db2       0x12 contiki-trxeb1120.a(watchdog.o)
                0x00007db2                watchdog_init
 .any.text.burst_read
                0x00007dc4       0x42 contiki-trxeb1120.a(cc1120.o)
 .any.text.state
                0x00007e06       0x18 contiki-trxeb1120.a(cc1120.o)
 .any.text.txbytes
                0x00007e1e       0x14 contiki-trxeb1120.a(cc1120.o)
 .any.text.read_rxbytes
                0x00007e32       0x14 contiki-trxeb1120.a(cc1120.o)
 .any.text.strobe
                0x00007e46       0x28 contiki-trxeb1120.a(cc1120.o)
 .any.text.burst_write
                0x00007e6e       0x42 contiki-trxeb1120.a(cc1120.o)
 .any.text.single_write
                0x00007eb0       0x38 contiki-trxeb1120.a(cc1120.o)
 .any.text.write_txfifo
                0x00007ee8       0xde contiki-trxeb1120.a(cc1120.o)
 .any.text.off  0x00007fc6       0x9a contiki-trxeb1120.a(cc1120.o)
 .any.text.check_txfifo
                0x00008060       0x3e contiki-trxeb1120.a(cc1120.o)
 .any.text.flushrx
                0x0000809e       0x60 contiki-trxeb1120.a(cc1120.o)
 .any.text.on   0x000080fe       0x64 contiki-trxeb1120.a(cc1120.o)
 .any.text.channel_clear
                0x00008162       0x90 contiki-trxeb1120.a(cc1120.o)
 .any.text.init
                0x000081f2      0x412 contiki-trxeb1120.a(cc1120.o)
 .any.text.read_packet
                0x00008604       0x9e contiki-trxeb1120.a(cc1120.o)
 .any.text.prepare
                0x000086a2       0x30 contiki-trxeb1120.a(cc1120.o)
 .any.text.transmit
                0x000086d2      0x1e8 contiki-trxeb1120.a(cc1120.o)
 .any.text.send_packet
                0x000088ba       0x1c contiki-trxeb1120.a(cc1120.o)
 .any.text.is_receiving
                0x000088d6       0x24 contiki-trxeb1120.a(cc1120.o)
 .any.text.receiving_packet
                0x000088fa       0x18 contiki-trxeb1120.a(cc1120.o)
 .any.text.channel_set
                0x00008912      0x152 contiki-trxeb1120.a(cc1120.o)
 .any.text.input_byte
                0x00008a64      0x378 contiki-trxeb1120.a(cc1120.o)
 .any.text.packet_is_for_us
                0x00008ddc       0x12 contiki-trxeb1120.a(cc1120.o)
                0x00008ddc                packet_is_for_us
 .any.text.cc1120_rx_interrupt
                0x00008dee      0x11c contiki-trxeb1120.a(cc1120.o)
                0x00008dee                cc1120_rx_interrupt
 .any.text.pending_packet
                0x00008f0a       0x1e contiki-trxeb1120.a(cc1120.o)
 .any.text.process_thread_cc1120_process
                0x00008f28       0x7e contiki-trxeb1120.a(cc1120.o)
 .any.text.cc1120_channel_set
                0x00008fa6        0x6 contiki-trxeb1120.a(cc1120.o)
                0x00008fa6                cc1120_channel_set
 .any.text.cc1120_arch_spi_enable
                0x00008fac        0xc contiki-trxeb1120.a(cc1120-msp-arch)
                0x00008fac                cc1120_arch_spi_enable
 .any.text.cc1120_arch_spi_disable
                0x00008fb8        0x6 contiki-trxeb1120.a(cc1120-msp-arch)
                0x00008fb8                cc1120_arch_spi_disable
 .any.text.cc1120_arch_spi_rw_byte
                0x00008fbe       0x1e contiki-trxeb1120.a(cc1120-msp-arch)
                0x00008fbe                cc1120_arch_spi_rw_byte
 .any.text.cc1120_arch_spi_rw
                0x00008fdc       0x88 contiki-trxeb1120.a(cc1120-msp-arch)
                0x00008fdc                cc1120_arch_spi_rw
 .any.text.cc1120_arch_init
                0x00009064       0x52 contiki-trxeb1120.a(cc1120-msp-arch)
                0x00009064                cc1120_arch_init
 .any.text.cc1120_arch_interrupt_enable
                0x000090b6        0xa contiki-trxeb1120.a(cc1120-msp-arch)
                0x000090b6                cc1120_arch_interrupt_enable
 .any.text.rtimer_arch_init
                0x000090c0        0xe contiki-trxeb1120.a(rtimer-arch.o)
                0x000090c0                rtimer_arch_init
 .any.text.rtimer_arch_now
                0x000090ce        0xe contiki-trxeb1120.a(rtimer-arch.o)
                0x000090ce                rtimer_arch_now
 .any.text.rtimer_arch_schedule
                0x000090dc        0x6 contiki-trxeb1120.a(rtimer-arch.o)
                0x000090dc                rtimer_arch_schedule
 .any.text.node_id_restore
                0x000090e2       0x5e contiki-trxeb1120.a(node-id.o)
                0x000090e2                node_id_restore
 .any.text.normalbyte_rfchannel_burn
                0x00009140       0x4e contiki-trxeb1120.a(node-id.o)
                0x00009140                normalbyte_rfchannel_burn
 .any.text.normalbyte_rfchannel_restore
                0x0000918e       0x3e contiki-trxeb1120.a(node-id.o)
                0x0000918e                normalbyte_rfchannel_restore
 .any.text.restore_meter_cmd
                0x000091cc       0x3a contiki-trxeb1120.a(node-id.o)
                0x000091cc                restore_meter_cmd
 .any.text.cmd_bytes_burn
                0x00009206       0x66 contiki-trxeb1120.a(node-id.o)
                0x00009206                cmd_bytes_burn
 .any.text.restart_count_byte_burn
                0x0000926c       0x26 contiki-trxeb1120.a(node-id.o)
                0x0000926c                restart_count_byte_burn
 .any.text.restart_count_byte_restore
                0x00009292       0x12 contiki-trxeb1120.a(node-id.o)
                0x00009292                restart_count_byte_restore
 .any.text.leds_arch_init
                0x000092a4        0x8 contiki-trxeb1120.a(leds-arch.o)
                0x000092a4                leds_arch_init
 .any.text.leds_arch_set
                0x000092ac       0x1c contiki-trxeb1120.a(leds-arch.o)
                0x000092ac                leds_arch_set
 .any.text.SetVCore
                0x000092c8      0x194 contiki-trxeb1120.a(hal-pmm.o)
                0x000092c8                SetVCore
 .any.text.uart0_active
                0x0000945c        0xe contiki-trxeb1120.a(uart0x.o)
                0x0000945c                uart0_active
 .any.text.uart0_set_input
                0x0000946a        0x6 contiki-trxeb1120.a(uart0x.o)
                0x0000946a                uart0_set_input
 .any.text.uart0_writeb
                0x00009470       0x16 contiki-trxeb1120.a(uart0x.o)
                0x00009470                uart0_writeb
 .any.text.uart0_init
                0x00009486       0x40 contiki-trxeb1120.a(uart0x.o)
                0x00009486                uart0_init
 .any.text.slip_arch_writeb
                0x000094c6        0x6 contiki-trxeb1120.a(slip_uart0.o)
                0x000094c6                slip_arch_writeb
 .any.text.slip_arch_init
                0x000094cc        0xa contiki-trxeb1120.a(slip_uart0.o)
                0x000094cc                slip_arch_init
 .any.text.process_thread_slip_process
                0x000094d6      0x15c contiki-trxeb1120.a(slip.o)
 .any.text.slip_set_input_callback
                0x00009632        0x6 contiki-trxeb1120.a(slip.o)
                0x00009632                slip_set_input_callback
 .any.text.slip_send
                0x00009638       0x5a contiki-trxeb1120.a(slip.o)
                0x00009638                slip_send
 .any.text.slip_input_byte
                0x00009692       0xbc contiki-trxeb1120.a(slip.o)
                0x00009692                slip_input_byte
 .any.text.flash_write_
                0x0000974e       0x28 contiki-trxeb1120.a(flash.o)
                0x0000974e                flash_write_
 .any.text.flash_setup
                0x00009776       0x18 contiki-trxeb1120.a(flash.o)
                0x00009776                flash_setup
 .any.text.flash_done
                0x0000978e        0xe contiki-trxeb1120.a(flash.o)
                0x0000978e                flash_done
 .any.text.flash_clear
                0x0000979c       0x6a contiki-trxeb1120.a(flash.o)
                0x0000979c                flash_clear
 .any.text.flash_write
                0x00009806       0x6a contiki-trxeb1120.a(flash.o)
                0x00009806                flash_write
 .any.text.clock_time
                0x00009870       0x1a contiki-trxeb1120.a(clock.o)
                0x00009870                clock_time
 .any.text.clock_init
                0x0000988a       0x28 contiki-trxeb1120.a(clock.o)
                0x0000988a                clock_init
 .any.text.clock_delay
                0x000098b2        0xc contiki-trxeb1120.a(clock.o)
                0x000098b2                clock_delay
 .any.text.clock_seconds
                0x000098be       0x1a contiki-trxeb1120.a(clock.o)
                0x000098be                clock_seconds
 .any.text.rtc_init
                0x000098d8       0x30 contiki-trxeb1120.a(clock.o)
                0x000098d8                rtc_init
 .any.text.set_init_flag
                0x00009908        0x6 contiki-trxeb1120.a(clock.o)
                0x00009908                set_init_flag
 .any.text.get_init_flag
                0x0000990e        0x6 contiki-trxeb1120.a(clock.o)
                0x0000990e                get_init_flag
 .any.text.set_active_flag
                0x00009914       0x9a contiki-trxeb1120.a(clock.o)
                0x00009914                set_active_flag
 .any.text.syn_update_timenow
                0x000099ae       0x16 contiki-trxeb1120.a(clock.o)
                0x000099ae                syn_update_timenow
 .any.text.get_timenow
                0x000099c4       0x16 contiki-trxeb1120.a(clock.o)
                0x000099c4                get_timenow
 .any.text.get_idle_time
                0x000099da       0xf4 contiki-trxeb1120.a(clock.o)
                0x000099da                get_idle_time
 .any.text.get_active_flag
                0x00009ace        0x6 contiki-trxeb1120.a(clock.o)
                0x00009ace                get_active_flag
 .any.text.autostart_start
                0x00009ad4       0x16 contiki-trxeb1120.a(autostart.o)
                0x00009ad4                autostart_start
 .any.text.energest_init
                0x00009aea       0x2c contiki-trxeb1120.a(energest.o)
                0x00009aea                energest_init
 .any.text.energest_flush
                0x00009b16       0x44 contiki-trxeb1120.a(energest.o)
                0x00009b16                energest_flush
 .any.text.process_thread_ctimer_process
                0x00009b5a       0xa0 contiki-trxeb1120.a(ctimer.o)
 .any.text.ctimer_init
                0x00009bfa       0x18 contiki-trxeb1120.a(ctimer.o)
                0x00009bfa                ctimer_init
 .any.text.ctimer_set_with_process
                0x00009c12       0x4a contiki-trxeb1120.a(ctimer.o)
                0x00009c12                ctimer_set_with_process
 .any.text.ctimer_set
                0x00009c5c       0x10 contiki-trxeb1120.a(ctimer.o)
                0x00009c5c                ctimer_set
 .any.text.ctimer_reset
                0x00009c6c       0x2c contiki-trxeb1120.a(ctimer.o)
                0x00009c6c                ctimer_reset
 .any.text.ctimer_stop
                0x00009c98       0x28 contiki-trxeb1120.a(ctimer.o)
                0x00009c98                ctimer_stop
 .any.text.update_time
                0x00009cc0       0x70 contiki-trxeb1120.a(etimer.o)
 .any.text.etimer_request_poll
                0x00009d30        0xa contiki-trxeb1120.a(etimer.o)
                0x00009d30                etimer_request_poll
 .any.text.process_thread_etimer_process
                0x00009d3a       0xc4 contiki-trxeb1120.a(etimer.o)
 .any.text.add_timer
                0x00009dfe       0x40 contiki-trxeb1120.a(etimer.o)
 .any.text.etimer_set
                0x00009e3e       0x12 contiki-trxeb1120.a(etimer.o)
                0x00009e3e                etimer_set
 .any.text.etimer_reset
                0x00009e50       0x12 contiki-trxeb1120.a(etimer.o)
                0x00009e50                etimer_reset
 .any.text.etimer_expired
                0x00009e62        0xe contiki-trxeb1120.a(etimer.o)
                0x00009e62                etimer_expired
 .any.text.etimer_pending
                0x00009e70        0xc contiki-trxeb1120.a(etimer.o)
                0x00009e70                etimer_pending
 .any.text.etimer_next_expiration_time
                0x00009e7c       0x16 contiki-trxeb1120.a(etimer.o)
                0x00009e7c                etimer_next_expiration_time
 .any.text.etimer_stop
                0x00009e92       0x3e contiki-trxeb1120.a(etimer.o)
                0x00009e92                etimer_stop
 .any.text.call_process
                0x00009ed0       0x40 contiki-trxeb1120.a(process.o)
 .any.text.exit_process
                0x00009f10       0x88 contiki-trxeb1120.a(process.o)
 .any.text.do_poll
                0x00009f98       0x30 contiki-trxeb1120.a(process.o)
 .any.text.process_alloc_event
                0x00009fc8        0xe contiki-trxeb1120.a(process.o)
                0x00009fc8                process_alloc_event
 .any.text.process_init
                0x00009fd6       0x1c contiki-trxeb1120.a(process.o)
                0x00009fd6                process_init
 .any.text.process_run
                0x00009ff2       0xa4 contiki-trxeb1120.a(process.o)
                0x00009ff2                process_run
 .any.text.process_nevents
                0x0000a096        0xe contiki-trxeb1120.a(process.o)
                0x0000a096                process_nevents
 .any.text.process_post
                0x0000a0a4       0x50 contiki-trxeb1120.a(process.o)
                0x0000a0a4                process_post
 .any.text.process_post_synch
                0x0000a0f4       0x12 contiki-trxeb1120.a(process.o)
                0x0000a0f4                process_post_synch
 .any.text.process_start
                0x0000a106       0x36 contiki-trxeb1120.a(process.o)
                0x0000a106                process_start
 .any.text.process_poll
                0x0000a13c       0x18 contiki-trxeb1120.a(process.o)
                0x0000a13c                process_poll
 .any.text.rtimer_init
                0x0000a154        0x6 contiki-trxeb1120.a(rtimer.o)
                0x0000a154                rtimer_init
 .any.text.rtimer_set
                0x0000a15a       0x24 contiki-trxeb1120.a(rtimer.o)
                0x0000a15a                rtimer_set
 .any.text.rtimer_run_next
                0x0000a17e       0x26 contiki-trxeb1120.a(rtimer.o)
                0x0000a17e                rtimer_run_next
 .any.text.timer_set
                0x0000a1a4       0x1c contiki-trxeb1120.a(timer.o)
                0x0000a1a4                timer_set
 .any.text.timer_reset
                0x0000a1c0        0xe contiki-trxeb1120.a(timer.o)
                0x0000a1c0                timer_reset
 .any.text.timer_expired
                0x0000a1ce       0x2a contiki-trxeb1120.a(timer.o)
                0x0000a1ce                timer_expired
 .any.text.list_init
                0x0000a1f8        0x6 contiki-trxeb1120.a(list.o)
                0x0000a1f8                list_init
 .any.text.list_head
                0x0000a1fe        0x4 contiki-trxeb1120.a(list.o)
                0x0000a1fe                list_head
 .any.text.list_tail
                0x0000a202       0x12 contiki-trxeb1120.a(list.o)
                0x0000a202                list_tail
 .any.text.list_remove
                0x0000a214       0x34 contiki-trxeb1120.a(list.o)
                0x0000a214                list_remove
 .any.text.list_push
                0x0000a248       0x16 contiki-trxeb1120.a(list.o)
                0x0000a248                list_push
 .any.text.list_add
                0x0000a25e       0x26 contiki-trxeb1120.a(list.o)
                0x0000a25e                list_add
 .any.text.list_length
                0x0000a284       0x10 contiki-trxeb1120.a(list.o)
                0x0000a284                list_length
 .any.text.list_item_next
                0x0000a294        0xc contiki-trxeb1120.a(list.o)
                0x0000a294                list_item_next
 .any.text.random_init
                0x0000a2a0        0x6 contiki-trxeb1120.a(random.o)
                0x0000a2a0                random_init
 .any.text.random_rand
                0x0000a2a6        0x6 contiki-trxeb1120.a(random.o)
                0x0000a2a6                random_rand
 .any.text.uip_ds6_list_loop
                0x0000a2ac       0x66 contiki-trxeb1120.a(uip-ds6.o)
                0x0000a2ac                uip_ds6_list_loop
 .any.text.uip_ds6_prefix_add
                0x0000a312       0x70 contiki-trxeb1120.a(uip-ds6.o)
                0x0000a312                uip_ds6_prefix_add
 .any.text.uip_ds6_is_addr_onlink
                0x0000a382       0x42 contiki-trxeb1120.a(uip-ds6.o)
                0x0000a382                uip_ds6_is_addr_onlink
 .any.text.uip_ds6_addr_lookup
                0x0000a3c4       0x2a contiki-trxeb1120.a(uip-ds6.o)
                0x0000a3c4                uip_ds6_addr_lookup
 .any.text.uip_ds6_get_link_local
                0x0000a3ee       0x3e contiki-trxeb1120.a(uip-ds6.o)
                0x0000a3ee                uip_ds6_get_link_local
 .any.text.uip_ds6_maddr_add
                0x0000a42c       0x48 contiki-trxeb1120.a(uip-ds6.o)
                0x0000a42c                uip_ds6_maddr_add
 .any.text.uip_ds6_addr_add
                0x0000a474       0xb4 contiki-trxeb1120.a(uip-ds6.o)
                0x0000a474                uip_ds6_addr_add
 .any.text.uip_ds6_maddr_rm
                0x0000a528        0xa contiki-trxeb1120.a(uip-ds6.o)
                0x0000a528                uip_ds6_maddr_rm
 .any.text.uip_ds6_maddr_lookup
                0x0000a532       0x2a contiki-trxeb1120.a(uip-ds6.o)
                0x0000a532                uip_ds6_maddr_lookup
 .any.text.uip_ds6_addr_rm
                0x0000a55c       0x54 contiki-trxeb1120.a(uip-ds6.o)
                0x0000a55c                uip_ds6_addr_rm
 .any.text.uip_ds6_periodic
                0x0000a5b0       0x4a contiki-trxeb1120.a(uip-ds6.o)
                0x0000a5b0                uip_ds6_periodic
 .any.text.uip_ds6_set_addr_iid
                0x0000a5fa       0x14 contiki-trxeb1120.a(uip-ds6.o)
                0x0000a5fa                uip_ds6_set_addr_iid
 .any.text.get_match_length
                0x0000a60e       0x3c contiki-trxeb1120.a(uip-ds6.o)
                0x0000a60e                get_match_length
 .any.text.uip_ds6_select_src
                0x0000a64a       0x9a contiki-trxeb1120.a(uip-ds6.o)
                0x0000a64a                uip_ds6_select_src
 .any.text.uip_ds6_compute_reachable_time
                0x0000a6e4       0x36 contiki-trxeb1120.a(uip-ds6.o)
                0x0000a6e4                uip_ds6_compute_reachable_time
 .any.text.uip_ds6_init
                0x0000a71a      0x13a contiki-trxeb1120.a(uip-ds6.o)
                0x0000a71a                uip_ds6_init
 .any.text.call_route_callback
                0x0000a854       0x3e contiki-trxeb1120.a(uip-ds6-route.o)
 .any.text.uip_ds6_route_init
                0x0000a892       0x1a contiki-trxeb1120.a(uip-ds6-route.o)
                0x0000a892                uip_ds6_route_init
 .any.text.uip_ds6_defrt_rm
                0x0000a8ac       0x44 contiki-trxeb1120.a(uip-ds6-route.o)
                0x0000a8ac                uip_ds6_defrt_rm
 .any.text.uip_ds6_defrt_lookup
                0x0000a8f0       0x32 contiki-trxeb1120.a(uip-ds6-route.o)
                0x0000a8f0                uip_ds6_defrt_lookup
 .any.text.uip_ds6_defrt_add
                0x0000a922       0x68 contiki-trxeb1120.a(uip-ds6-route.o)
                0x0000a922                uip_ds6_defrt_add
 .any.text.uip_ds6_defrt_choose
                0x0000a98a       0x36 contiki-trxeb1120.a(uip-ds6-route.o)
                0x0000a98a                uip_ds6_defrt_choose
 .any.text.uip_ds6_defrt_periodic
                0x0000a9c0       0x38 contiki-trxeb1120.a(uip-ds6-route.o)
                0x0000a9c0                uip_ds6_defrt_periodic
 .any.text.chksum
                0x0000a9f8       0x32 contiki-trxeb1120.a(uip6.o)
 .any.text.upper_layer_chksum
                0x0000aa2a       0x56 contiki-trxeb1120.a(uip6.o)
 .any.text.ext_hdr_options_process
                0x0000aa80       0x76 contiki-trxeb1120.a(uip6.o)
 .any.text.uip_icmp6chksum
                0x0000aaf6        0xa contiki-trxeb1120.a(uip6.o)
                0x0000aaf6                uip_icmp6chksum
 .any.text.uip_udpchksum
                0x0000ab00        0xa contiki-trxeb1120.a(uip6.o)
                0x0000ab00                uip_udpchksum
 .any.text.uip_init
                0x0000ab0a       0x3a contiki-trxeb1120.a(uip6.o)
                0x0000ab0a                uip_init
 .any.text.remove_ext_hdr
                0x0000ab44       0x50 contiki-trxeb1120.a(uip6.o)
                0x0000ab44                remove_ext_hdr
 .any.text.uip_udp_new
                0x0000ab94       0xb8 contiki-trxeb1120.a(uip6.o)
                0x0000ab94                uip_udp_new
 .any.text.uip_process
                0x0000ac4c      0x49e contiki-trxeb1120.a(uip6.o)
                0x0000ac4c                uip_process
 .any.text.uip_ds6_nbr_rm
                0x0000b0ea       0x1a contiki-trxeb1120.a(uip-ds6-nbr.o)
                0x0000b0ea                uip_ds6_nbr_rm
 .any.text.uip_ds6_neighbors_init
                0x0000b104        0xe contiki-trxeb1120.a(uip-ds6-nbr.o)
                0x0000b104                uip_ds6_neighbors_init
 .any.text.uip_ds6_nbr_add
                0x0000b112       0x54 contiki-trxeb1120.a(uip-ds6-nbr.o)
                0x0000b112                uip_ds6_nbr_add
 .any.text.uip_ds6_nbr_get_ll
                0x0000b166        0xc contiki-trxeb1120.a(uip-ds6-nbr.o)
                0x0000b166                uip_ds6_nbr_get_ll
 .any.text.uip_ds6_nbr_lookup
                0x0000b172       0x3e contiki-trxeb1120.a(uip-ds6-nbr.o)
                0x0000b172                uip_ds6_nbr_lookup
 .any.text.uip_ds6_nbr_ll_lookup
                0x0000b1b0        0xc contiki-trxeb1120.a(uip-ds6-nbr.o)
                0x0000b1b0                uip_ds6_nbr_ll_lookup
 .any.text.uip_ds6_nbr_ipaddr_from_lladdr
                0x0000b1bc        0x6 contiki-trxeb1120.a(uip-ds6-nbr.o)
                0x0000b1bc                uip_ds6_nbr_ipaddr_from_lladdr
 .any.text.uip_ds6_nbr_lladdr_from_ipaddr
                0x0000b1c2       0x12 contiki-trxeb1120.a(uip-ds6-nbr.o)
                0x0000b1c2                uip_ds6_nbr_lladdr_from_ipaddr
 .any.text.uip_ds6_link_neighbor_callback
                0x0000b1d4       0xe4 contiki-trxeb1120.a(uip-ds6-nbr.o)
                0x0000b1d4                uip_ds6_link_neighbor_callback
 .any.text.uip_ds6_neighbor_periodic
                0x0000b2b8       0x5c contiki-trxeb1120.a(uip-ds6-nbr.o)
                0x0000b2b8                uip_ds6_neighbor_periodic
 .any.text.uip_nd6_init
                0x0000b314        0x2 contiki-trxeb1120.a(uip-nd6.o)
                0x0000b314                uip_nd6_init
 .any.text.uip_udp_packet_send
                0x0000b316        0xe contiki-trxeb1120.a(uip-udp-packet.)
                0x0000b316                uip_udp_packet_send
 .any.text.uip_udp_packet_sendto
                0x0000b324       0x56 contiki-trxeb1120.a(uip-udp-packet.)
                0x0000b324                uip_udp_packet_sendto
 .any.text.uip_udp_received_data_preprocess
                0x0000b37a       0x30 contiki-trxeb1120.a(uip-udp-packet.)
                0x0000b37a                uip_udp_received_data_preprocess
 .any.text.tcpip_output
                0x0000b3aa       0x10 contiki-trxeb1120.a(tcpip.o)
                0x0000b3aa                tcpip_output
 .any.text.tcpip_set_outputfunc
                0x0000b3ba        0x6 contiki-trxeb1120.a(tcpip.o)
                0x0000b3ba                tcpip_set_outputfunc
 .any.text.udp_new
                0x0000b3c0       0x1a contiki-trxeb1120.a(tcpip.o)
                0x0000b3c0                udp_new
 .any.text.tcpip_input
                0x0000b3da       0x16 contiki-trxeb1120.a(tcpip.o)
                0x0000b3da                tcpip_input
 .any.text.tcpip_ipv6_output
                0x0000b3f0       0xee contiki-trxeb1120.a(tcpip.o)
                0x0000b3f0                tcpip_ipv6_output
 .any.text.process_thread_tcpip_process
                0x0000b4de       0xdc contiki-trxeb1120.a(tcpip.o)
 .any.text.tcpip_uipcall
                0x0000b5ba       0x2a contiki-trxeb1120.a(tcpip.o)
                0x0000b5ba                tcpip_uipcall
 .any.text.rpl_link_neighbor_callback
                0x0000b5e4       0x74 contiki-trxeb1120.a(rpl.o)
                0x0000b5e4                rpl_link_neighbor_callback
 .any.text.rpl_ipv6_neighbor_callback
                0x0000b658       0x1e contiki-trxeb1120.a(rpl.o)
                0x0000b658                rpl_ipv6_neighbor_callback
 .any.text.rpl_init
                0x0000b676       0x4a contiki-trxeb1120.a(rpl.o)
                0x0000b676                rpl_init
 .any.text.reset
                0x0000b6c0        0x2 contiki-trxeb1120.a(rpl-mrhof.o)
 .any.text.update_metric_container
                0x0000b6c2        0x6 contiki-trxeb1120.a(rpl-mrhof.o)
 .any.text.calculate_rank
                0x0000b6c8       0x3e contiki-trxeb1120.a(rpl-mrhof.o)
 .any.text.neighbor_link_callback
                0x0000b706       0x98 contiki-trxeb1120.a(rpl-mrhof.o)
 .any.text.best_dag
                0x0000b79e       0x2e contiki-trxeb1120.a(rpl-mrhof.o)
 .any.text.best_parent
                0x0000b7cc       0x66 contiki-trxeb1120.a(rpl-mrhof.o)
 .any.text.lollipop_greater_than
                0x0000b832       0x3c contiki-trxeb1120.a(rpl-dag.o)
 .any.text.find_parent_any_dag_any_instance
                0x0000b86e       0x14 contiki-trxeb1120.a(rpl-dag.o)
 .any.text.set_ip_from_prefix
                0x0000b882       0x30 contiki-trxeb1120.a(rpl-dag.o)
 .any.text.check_prefix
                0x0000b8b2       0x70 contiki-trxeb1120.a(rpl-dag.o)
 .any.text.rpl_set_preferred_parent
                0x0000b922       0x2c contiki-trxeb1120.a(rpl-dag.o)
 .any.text.rpl_get_nbr
                0x0000b94e       0x1e contiki-trxeb1120.a(rpl-dag.o)
                0x0000b94e                rpl_get_nbr
 .any.text.rpl_dag_init
                0x0000b96c        0xe contiki-trxeb1120.a(rpl-dag.o)
                0x0000b96c                rpl_dag_init
 .any.text.rpl_get_parent_ipaddr
                0x0000b97a       0x10 contiki-trxeb1120.a(rpl-dag.o)
                0x0000b97a                rpl_get_parent_ipaddr
 .any.text.rpl_set_prefix
                0x0000b98a       0x74 contiki-trxeb1120.a(rpl-dag.o)
                0x0000b98a                rpl_set_prefix
 .any.text.rpl_set_default_route
                0x0000b9fe       0x60 contiki-trxeb1120.a(rpl-dag.o)
                0x0000b9fe                rpl_set_default_route
 .any.text.rpl_alloc_instance
                0x0000ba5e       0x30 contiki-trxeb1120.a(rpl-dag.o)
                0x0000ba5e                rpl_alloc_instance
 .any.text.rpl_add_parent
                0x0000ba8e       0x4e contiki-trxeb1120.a(rpl-dag.o)
                0x0000ba8e                rpl_add_parent
 .any.text.rpl_find_parent
                0x0000badc       0x1a contiki-trxeb1120.a(rpl-dag.o)
                0x0000badc                rpl_find_parent
 .any.text.rpl_find_parent_any_dag
                0x0000baf6       0x22 contiki-trxeb1120.a(rpl-dag.o)
                0x0000baf6                rpl_find_parent_any_dag
 .any.text.rpl_select_parent
                0x0000bb18       0x74 contiki-trxeb1120.a(rpl-dag.o)
                0x0000bb18                rpl_select_parent
 .any.text.rpl_select_dag
                0x0000bb8c      0x122 contiki-trxeb1120.a(rpl-dag.o)
                0x0000bb8c                rpl_select_dag
 .any.text.rpl_nullify_parent
                0x0000bcae       0x46 contiki-trxeb1120.a(rpl-dag.o)
                0x0000bcae                rpl_nullify_parent
 .any.text.rpl_remove_parent
                0x0000bcf4       0x16 contiki-trxeb1120.a(rpl-dag.o)
                0x0000bcf4                rpl_remove_parent
 .any.text.nbr_callback
                0x0000bd0a        0x6 contiki-trxeb1120.a(rpl-dag.o)
 .any.text.remove_parents.constprop.4
                0x0000bd10       0x2c contiki-trxeb1120.a(rpl-dag.o)
 .any.text.rpl_free_dag
                0x0000bd3c       0x2e contiki-trxeb1120.a(rpl-dag.o)
                0x0000bd3c                rpl_free_dag
 .any.text.rpl_free_instance
                0x0000bd6a       0x5e contiki-trxeb1120.a(rpl-dag.o)
                0x0000bd6a                rpl_free_instance
 .any.text.rpl_move_parent
                0x0000bdc8       0x3e contiki-trxeb1120.a(rpl-dag.o)
                0x0000bdc8                rpl_move_parent
 .any.text.rpl_get_any_dag
                0x0000be06       0x16 contiki-trxeb1120.a(rpl-dag.o)
                0x0000be06                rpl_get_any_dag
 .any.text.rpl_get_instance
                0x0000be1c       0x16 contiki-trxeb1120.a(rpl-dag.o)
                0x0000be1c                rpl_get_instance
 .any.text.get_dag
                0x0000be32       0x38 contiki-trxeb1120.a(rpl-dag.o)
 .any.text.rpl_get_dag
                0x0000be6a        0x6 contiki-trxeb1120.a(rpl-dag.o)
                0x0000be6a                rpl_get_dag
 .any.text.rpl_alloc_dag
                0x0000be70       0x60 contiki-trxeb1120.a(rpl-dag.o)
                0x0000be70                rpl_alloc_dag
 .any.text.rpl_set_root
                0x0000bed0      0x108 contiki-trxeb1120.a(rpl-dag.o)
                0x0000bed0                rpl_set_root
 .any.text.rpl_find_of
                0x0000bfd8       0x10 contiki-trxeb1120.a(rpl-dag.o)
                0x0000bfd8                rpl_find_of
 .any.text.rpl_join_instance
                0x0000bfe8      0x120 contiki-trxeb1120.a(rpl-dag.o)
                0x0000bfe8                rpl_join_instance
 .any.text.rpl_local_repair
                0x0000c108       0x4a contiki-trxeb1120.a(rpl-dag.o)
                0x0000c108                rpl_local_repair
 .any.text.rpl_process_parent_event
                0x0000c152       0x6a contiki-trxeb1120.a(rpl-dag.o)
                0x0000c152                rpl_process_parent_event
 .any.text.rpl_recalculate_ranks
                0x0000c1bc       0x44 contiki-trxeb1120.a(rpl-dag.o)
                0x0000c1bc                rpl_recalculate_ranks
 .any.text.rpl_process_dio
                0x0000c200      0x28a contiki-trxeb1120.a(rpl-dag.o)
                0x0000c200                rpl_process_dio
 .any.text.orpl_bitmap_current_rank
                0x0000c48a       0x12 contiki-trxeb1120.a(orpl-bitmap.o)
                0x0000c48a                orpl_bitmap_current_rank
 .any.text.orpl_bitmap_root_rank
                0x0000c49c       0x16 contiki-trxeb1120.a(orpl-bitmap.o)
                0x0000c49c                orpl_bitmap_root_rank
 .any.text.orpl_bitmap_satisfy_fwd
                0x0000c4b2       0x24 contiki-trxeb1120.a(orpl-bitmap.o)
                0x0000c4b2                orpl_bitmap_satisfy_fwd
 .any.text.lladdr_from_ipaddr_uuid
                0x0000c4d6       0x14 contiki-trxeb1120.a(orpl-bitmap.o)
                0x0000c4d6                lladdr_from_ipaddr_uuid
 .any.text.orpl_bitmap_duplicate_detect
                0x0000c4ea       0x42 contiki-trxeb1120.a(orpl-bitmap.o)
                0x0000c4ea                orpl_bitmap_duplicate_detect
 .any.text.orpl_bitmap_duplicate_register
                0x0000c52c       0x52 contiki-trxeb1120.a(orpl-bitmap.o)
                0x0000c52c                orpl_bitmap_duplicate_register
 .any.text.orpl_bitmap_get_current_seqno
                0x0000c57e       0x28 contiki-trxeb1120.a(orpl-bitmap.o)
                0x0000c57e                orpl_bitmap_get_current_seqno
 .any.text.get_orpl_packet_seqno
                0x0000c5a6       0x1c contiki-trxeb1120.a(orpl-bitmap.o)
                0x0000c5a6                get_orpl_packet_seqno
 .any.text.orpl_bitmap_init
                0x0000c5c2        0x6 contiki-trxeb1120.a(orpl-bitmap.o)
                0x0000c5c2                orpl_bitmap_init
 .any.text.orpl_bitmap_panid_limit
                0x0000c5c8       0x14 contiki-trxeb1120.a(orpl-bitmap.o)
                0x0000c5c8                orpl_bitmap_panid_limit
 .any.text.orpl_get_parent_ipaddr
                0x0000c5dc        0x6 contiki-trxeb1120.a(orpl-bitmap.o)
                0x0000c5dc                orpl_get_parent_ipaddr
 .any.text.rnfd_request_info
                0x0000c5e2        0x6 contiki-trxeb1120.a(rnfd-root.o)
                0x0000c5e2                rnfd_request_info
 .any.text.rnfd_root_input
                0x0000c5e8       0x9c contiki-trxeb1120.a(rnfd-root.o)
                0x0000c5e8                rnfd_root_input
 .any.text.rnfd_global
                0x0000c684        0xc contiki-trxeb1120.a(rnfd.o)
 .any.text.rnfd_info_get
                0x0000c690       0x50 contiki-trxeb1120.a(rnfd.o)
 .any.text.rnfd_root_neighbor
                0x0000c6e0       0x56 contiki-trxeb1120.a(rnfd.o)
 .any.text.rnfd_free_dag
                0x0000c736       0x6c contiki-trxeb1120.a(rnfd.o)
 .any.text.rnfd_suspect_out
                0x0000c7a2       0x8c contiki-trxeb1120.a(rnfd.o)
 .any.text.rnfd_offline_out
                0x0000c82e       0x4e contiki-trxeb1120.a(rnfd.o)
 .any.text.get_rnfd_start_flag
                0x0000c87c        0x6 contiki-trxeb1120.a(rnfd.o)
                0x0000c87c                get_rnfd_start_flag
 .any.text.get_rnfd_offline_nodag
                0x0000c882        0x6 contiki-trxeb1120.a(rnfd.o)
                0x0000c882                get_rnfd_offline_nodag
 .any.text.rnfd_set_root_immediate_children
                0x0000c888        0x6 contiki-trxeb1120.a(rnfd.o)
                0x0000c888                rnfd_set_root_immediate_children
 .any.text.rnfd_info_add
                0x0000c88e       0x9c contiki-trxeb1120.a(rnfd.o)
                0x0000c88e                rnfd_info_add
 .any.text.rnfd_info_get_state
                0x0000c92a       0x22 contiki-trxeb1120.a(rnfd.o)
                0x0000c92a                rnfd_info_get_state
 .any.text.rnfd_schdule_suspect_out
                0x0000c94c       0x5e contiki-trxeb1120.a(rnfd.o)
                0x0000c94c                rnfd_schdule_suspect_out
 .any.text.rnfd_request_deal
                0x0000c9aa       0x36 contiki-trxeb1120.a(rnfd.o)
                0x0000c9aa                rnfd_request_deal
 .any.text.rnfd_common_input
                0x0000c9e0      0x1dc contiki-trxeb1120.a(rnfd.o)
                0x0000c9e0                rnfd_common_input
 .any.text.rnfd_init
                0x0000cbbc       0x18 contiki-trxeb1120.a(rnfd.o)
                0x0000cbbc                rnfd_init
 .any.text.queuebuf_init
                0x0000cbd4       0x12 contiki-trxeb1120.a(queuebuf.o)
                0x0000cbd4                queuebuf_init
 .any.text.queuebuf_new_from_packetbuf
                0x0000cbe6       0x4e contiki-trxeb1120.a(queuebuf.o)
                0x0000cbe6                queuebuf_new_from_packetbuf
 .any.text.queuebuf_update_attr_from_packetbuf
                0x0000cc34       0x12 contiki-trxeb1120.a(queuebuf.o)
                0x0000cc34                queuebuf_update_attr_from_packetbuf
 .any.text.queuebuf_update_from_packetbuf
                0x0000cc46       0x22 contiki-trxeb1120.a(queuebuf.o)
                0x0000cc46                queuebuf_update_from_packetbuf
 .any.text.queuebuf_free
                0x0000cc68       0x2a contiki-trxeb1120.a(queuebuf.o)
                0x0000cc68                queuebuf_free
 .any.text.queuebuf_to_packetbuf
                0x0000cc92       0x32 contiki-trxeb1120.a(queuebuf.o)
                0x0000cc92                queuebuf_to_packetbuf
 .any.text.queuebuf_attr
                0x0000ccc4        0xe contiki-trxeb1120.a(queuebuf.o)
                0x0000ccc4                queuebuf_attr
 .any.text.item_from_index
                0x0000ccd2       0x2a contiki-trxeb1120.a(nbr-table.o)
 .any.text.index_from_key
                0x0000ccfc       0x26 contiki-trxeb1120.a(nbr-table.o)
 .any.text.index_from_item
                0x0000cd22       0x1e contiki-trxeb1120.a(nbr-table.o)
 .any.text.nbr_set_bit
                0x0000cd40       0x50 contiki-trxeb1120.a(nbr-table.o)
 .any.text.index_from_lladdr
                0x0000cd90       0x3e contiki-trxeb1120.a(nbr-table.o)
 .any.text.nbr_get_bit.constprop.0
                0x0000cdce       0x2c contiki-trxeb1120.a(nbr-table.o)
 .any.text.nbr_table_register
                0x0000cdfa       0x26 contiki-trxeb1120.a(nbr-table.o)
                0x0000cdfa                nbr_table_register
 .any.text.nbr_table_next
                0x0000ce20       0x4c contiki-trxeb1120.a(nbr-table.o)
                0x0000ce20                nbr_table_next
 .any.text.nbr_table_head
                0x0000ce6c       0x36 contiki-trxeb1120.a(nbr-table.o)
                0x0000ce6c                nbr_table_head
 .any.text.nbr_table_add_lladdr
                0x0000cea2      0x110 contiki-trxeb1120.a(nbr-table.o)
                0x0000cea2                nbr_table_add_lladdr
 .any.text.nbr_table_get_from_lladdr
                0x0000cfb2       0x28 contiki-trxeb1120.a(nbr-table.o)
                0x0000cfb2                nbr_table_get_from_lladdr
 .any.text.nbr_table_remove
                0x0000cfda       0x2a contiki-trxeb1120.a(nbr-table.o)
                0x0000cfda                nbr_table_remove
 .any.text.nbr_table_lock
                0x0000d004       0x10 contiki-trxeb1120.a(nbr-table.o)